
*** Running vivado
    with args -log DDR_example_top.vds -m64 -product Vivado -mode batch -messageDb vivado.pb -notrace -source DDR_example_top.tcl



****** Vivado v2024.2.1 (64-bit)
  **** SW Build 5266912 on Sun Dec 15 09:03:24 MST 2024
  **** IP Build 5264866 on Sun Dec 15 16:27:47 MST 2024
  **** SharedData Build 5264680 on Wed Dec 11 12:48:36 MST 2024
  **** Start of session at: Fri May  2 14:42:18 2025
    ** Copyright 1986-2022 Xilinx, Inc. All Rights Reserved.
    ** Copyright 2022-2024 Advanced Micro Devices, Inc. All Rights Reserved.

Sourcing tcl script 'C:/Users/jwk50866/AppData/Roaming/Xilinx/Vivado/Vivado_init.tcl'
source DDR_example_top.tcl -notrace
WARNING: [Board 49-91] Board repository path 'C:ivado-boards-master
ewoard_files' does not exist, it will not be used to search board files.
Command: read_checkpoint -auto_incremental -incremental C:/Users/jwk50866/Documents/GitHub/Nexys_A7_DDR_example/DDR_example/DDR_example.srcs/utils_1/imports/synth_1/DDR_example_top.dcp
INFO: [Vivado 12-5825] Read reference checkpoint from C:/Users/jwk50866/Documents/GitHub/Nexys_A7_DDR_example/DDR_example/DDR_example.srcs/utils_1/imports/synth_1/DDR_example_top.dcp for incremental synthesis
INFO: [Vivado 12-7989] Please ensure there are no constraint changes
Command: synth_design -top DDR_example_top -part xc7a100tcsg324-1
Starting synth_design
Attempting to get a license for feature 'Synthesis' and/or device 'xc7a100t'
INFO: [Common 17-349] Got license for feature 'Synthesis' and/or device 'xc7a100t'
INFO: [Device 21-403] Loading part xc7a100tcsg324-1
INFO: [Designutils 20-5440] No compile time benefit to using incremental synthesis; A full resynthesis will be run
INFO: [Designutils 20-4379] Flow is switching to default flow due to incremental criteria not met. If you would like to alter this behaviour and have the flow terminate instead, please set the following parameter config_implementation {autoIncr.Synth.RejectBehavior Terminate}
INFO: [Synth 8-7079] Multithreading enabled for synth_design using a maximum of 2 processes.
INFO: [Synth 8-7078] Launching helper process for spawning children vivado processes
INFO: [Synth 8-7075] Helper process launched with PID 18236
---------------------------------------------------------------------------------
Starting RTL Elaboration : Time (s): cpu = 00:00:03 ; elapsed = 00:00:03 . Memory (MB): peak = 1116.539 ; gain = 469.262
---------------------------------------------------------------------------------
INFO: [Synth 8-6157] synthesizing module 'DDR_example_top' [C:/Users/jwk50866/Documents/GitHub/Nexys_A7_DDR_example/DDR_example/DDR_example.srcs/sources_1/new/DDR_example_top.v:23]
INFO: [Synth 8-6157] synthesizing module 'pll' [C:/Users/jwk50866/Documents/GitHub/Nexys_A7_DDR_example/DDR_example/DDR_example.runs/synth_1/.Xil/Vivado-13700-engr-d1450-007/realtime/pll_stub.v:6]
INFO: [Synth 8-6155] done synthesizing module 'pll' (0#1) [C:/Users/jwk50866/Documents/GitHub/Nexys_A7_DDR_example/DDR_example/DDR_example.runs/synth_1/.Xil/Vivado-13700-engr-d1450-007/realtime/pll_stub.v:6]
INFO: [Synth 8-6157] synthesizing module 'mem_example' [C:/Users/jwk50866/Documents/GitHub/Nexys_A7_DDR_example/DDR_example/DDR_example.srcs/sources_1/new/mem_example.v:16]
INFO: [Synth 8-6157] synthesizing module 'mig_ddr' [C:/Users/jwk50866/Documents/GitHub/Nexys_A7_DDR_example/DDR_example/DDR_example.runs/synth_1/.Xil/Vivado-13700-engr-d1450-007/realtime/mig_ddr_stub.v:6]
INFO: [Synth 8-6155] done synthesizing module 'mig_ddr' (0#1) [C:/Users/jwk50866/Documents/GitHub/Nexys_A7_DDR_example/DDR_example/DDR_example.runs/synth_1/.Xil/Vivado-13700-engr-d1450-007/realtime/mig_ddr_stub.v:6]
INFO: [Synth 8-6157] synthesizing module 'flag_sync' [C:/Users/jwk50866/Documents/GitHub/Nexys_A7_DDR_example/DDR_example/DDR_example.srcs/sources_1/new/flag_sync.v:1]
INFO: [Synth 8-6155] done synthesizing module 'flag_sync' (0#1) [C:/Users/jwk50866/Documents/GitHub/Nexys_A7_DDR_example/DDR_example/DDR_example.srcs/sources_1/new/flag_sync.v:1]
INFO: [Synth 8-6157] synthesizing module 'ff_sync' [C:/Users/jwk50866/Documents/GitHub/Nexys_A7_DDR_example/DDR_example/DDR_example.srcs/sources_1/new/ff_sync.v:1]
INFO: [Synth 8-6155] done synthesizing module 'ff_sync' (0#1) [C:/Users/jwk50866/Documents/GitHub/Nexys_A7_DDR_example/DDR_example/DDR_example.srcs/sources_1/new/ff_sync.v:1]
INFO: [Synth 8-155] case statement is not full and has no default [C:/Users/jwk50866/Documents/GitHub/Nexys_A7_DDR_example/DDR_example/DDR_example.srcs/sources_1/new/mem_example.v:208]
INFO: [Synth 8-6155] done synthesizing module 'mem_example' (0#1) [C:/Users/jwk50866/Documents/GitHub/Nexys_A7_DDR_example/DDR_example/DDR_example.srcs/sources_1/new/mem_example.v:16]
INFO: [Synth 8-155] case statement is not full and has no default [C:/Users/jwk50866/Documents/GitHub/Nexys_A7_DDR_example/DDR_example/DDR_example.srcs/sources_1/new/DDR_example_top.v:161]
INFO: [Synth 8-6155] done synthesizing module 'DDR_example_top' (0#1) [C:/Users/jwk50866/Documents/GitHub/Nexys_A7_DDR_example/DDR_example/DDR_example.srcs/sources_1/new/DDR_example_top.v:23]
WARNING: [Synth 8-7137] Register writeACK_reg in module DDR_example_top has both Set and reset with same priority. This may cause simulation mismatches. Consider rewriting code  [C:/Users/jwk50866/Documents/GitHub/Nexys_A7_DDR_example/DDR_example/DDR_example.srcs/sources_1/new/DDR_example_top.v:163]
WARNING: [Synth 8-7137] Register readACK_reg in module DDR_example_top has both Set and reset with same priority. This may cause simulation mismatches. Consider rewriting code  [C:/Users/jwk50866/Documents/GitHub/Nexys_A7_DDR_example/DDR_example/DDR_example.srcs/sources_1/new/DDR_example_top.v:164]
WARNING: [Synth 8-3848] Net ledreg in module/entity DDR_example_top does not have driver. [C:/Users/jwk50866/Documents/GitHub/Nexys_A7_DDR_example/DDR_example/DDR_example.srcs/sources_1/new/DDR_example_top.v:76]
WARNING: [Synth 8-7129] Port led[15] in module DDR_example_top is either unconnected or has no load
WARNING: [Synth 8-7129] Port led[14] in module DDR_example_top is either unconnected or has no load
WARNING: [Synth 8-7129] Port led[13] in module DDR_example_top is either unconnected or has no load
WARNING: [Synth 8-7129] Port led[12] in module DDR_example_top is either unconnected or has no load
WARNING: [Synth 8-7129] Port led[11] in module DDR_example_top is either unconnected or has no load
WARNING: [Synth 8-7129] Port led[10] in module DDR_example_top is either unconnected or has no load
WARNING: [Synth 8-7129] Port led[9] in module DDR_example_top is either unconnected or has no load
WARNING: [Synth 8-7129] Port led[8] in module DDR_example_top is either unconnected or has no load
WARNING: [Synth 8-7129] Port led[7] in module DDR_example_top is either unconnected or has no load
WARNING: [Synth 8-7129] Port led[6] in module DDR_example_top is either unconnected or has no load
WARNING: [Synth 8-7129] Port led[5] in module DDR_example_top is either unconnected or has no load
WARNING: [Synth 8-7129] Port led[4] in module DDR_example_top is either unconnected or has no load
WARNING: [Synth 8-7129] Port led[3] in module DDR_example_top is either unconnected or has no load
WARNING: [Synth 8-7129] Port led[2] in module DDR_example_top is either unconnected or has no load
WARNING: [Synth 8-7129] Port led[1] in module DDR_example_top is either unconnected or has no load
---------------------------------------------------------------------------------
Finished RTL Elaboration : Time (s): cpu = 00:00:04 ; elapsed = 00:00:04 . Memory (MB): peak = 1225.863 ; gain = 578.586
---------------------------------------------------------------------------------
---------------------------------------------------------------------------------
Start Handling Custom Attributes
---------------------------------------------------------------------------------
---------------------------------------------------------------------------------
Finished Handling Custom Attributes : Time (s): cpu = 00:00:04 ; elapsed = 00:00:04 . Memory (MB): peak = 1225.863 ; gain = 578.586
---------------------------------------------------------------------------------
---------------------------------------------------------------------------------
Finished RTL Optimization Phase 1 : Time (s): cpu = 00:00:04 ; elapsed = 00:00:04 . Memory (MB): peak = 1225.863 ; gain = 578.586
---------------------------------------------------------------------------------
Netlist sorting complete. Time (s): cpu = 00:00:00 ; elapsed = 00:00:00.010 . Memory (MB): peak = 1225.863 ; gain = 0.000
INFO: [Project 1-570] Preparing netlist for logic optimization

Processing XDC Constraints
Initializing timing engine
Parsing XDC File [C:/Users/jwk50866/Documents/GitHub/Nexys_A7_DDR_example/DDR_example/DDR_example.runs/synth_1/.Xil/Vivado-13700-engr-d1450-007/pll/pll/pll_in_context.xdc] for cell 'pll1'
Finished Parsing XDC File [C:/Users/jwk50866/Documents/GitHub/Nexys_A7_DDR_example/DDR_example/DDR_example.runs/synth_1/.Xil/Vivado-13700-engr-d1450-007/pll/pll/pll_in_context.xdc] for cell 'pll1'
Parsing XDC File [c:/Users/jwk50866/Documents/GitHub/Nexys_A7_DDR_example/DDR_example/DDR_example.gen/sources_1/ip/mig_ddr/mig_ddr/mig_ddr_in_context.xdc] for cell 'mem_ex/mig1'
Finished Parsing XDC File [c:/Users/jwk50866/Documents/GitHub/Nexys_A7_DDR_example/DDR_example/DDR_example.gen/sources_1/ip/mig_ddr/mig_ddr/mig_ddr_in_context.xdc] for cell 'mem_ex/mig1'
Parsing XDC File [C:/Users/jwk50866/Documents/GitHub/Nexys_A7_DDR_example/DDR_example/Nexys-4-DDR-pins.xdc]
Finished Parsing XDC File [C:/Users/jwk50866/Documents/GitHub/Nexys_A7_DDR_example/DDR_example/Nexys-4-DDR-pins.xdc]
INFO: [Project 1-236] Implementation specific constraints were found while reading constraint file [C:/Users/jwk50866/Documents/GitHub/Nexys_A7_DDR_example/DDR_example/Nexys-4-DDR-pins.xdc]. These constraints will be ignored for synthesis but will be used in implementation. Impacted constraints are listed in the file [.Xil/DDR_example_top_propImpl.xdc].
Resolution: To avoid this warning, move constraints listed in [.Xil/DDR_example_top_propImpl.xdc] to another XDC file and exclude this new file from synthesis with the used_in_synthesis property (File Properties dialog in GUI) and re-run elaboration/synthesis.
Completed Processing XDC Constraints

Netlist sorting complete. Time (s): cpu = 00:00:00 ; elapsed = 00:00:00 . Memory (MB): peak = 1307.754 ; gain = 0.000
INFO: [Project 1-111] Unisim Transformation Summary:
No Unisim elements were transformed.

Constraint Validation Runtime : Time (s): cpu = 00:00:00 ; elapsed = 00:00:00.007 . Memory (MB): peak = 1307.754 ; gain = 0.000
INFO: [Designutils 20-5440] No compile time benefit to using incremental synthesis; A full resynthesis will be run
INFO: [Designutils 20-4379] Flow is switching to default flow due to incremental criteria not met. If you would like to alter this behaviour and have the flow terminate instead, please set the following parameter config_implementation {autoIncr.Synth.RejectBehavior Terminate}
---------------------------------------------------------------------------------
Finished Constraint Validation : Time (s): cpu = 00:00:09 ; elapsed = 00:00:09 . Memory (MB): peak = 1307.754 ; gain = 660.477
---------------------------------------------------------------------------------
---------------------------------------------------------------------------------
Start Loading Part and Timing Information
---------------------------------------------------------------------------------
Loading part: xc7a100tcsg324-1
---------------------------------------------------------------------------------
Finished Loading Part and Timing Information : Time (s): cpu = 00:00:09 ; elapsed = 00:00:09 . Memory (MB): peak = 1307.754 ; gain = 660.477
---------------------------------------------------------------------------------
---------------------------------------------------------------------------------
Start Applying 'set_property' XDC Constraints
---------------------------------------------------------------------------------
Applied set_property IO_BUFFER_TYPE = NONE for clk100mhz. (constraint file  C:/Users/jwk50866/Documents/GitHub/Nexys_A7_DDR_example/DDR_example/DDR_example.runs/synth_1/.Xil/Vivado-13700-engr-d1450-007/pll/pll/pll_in_context.xdc, line 4).
Applied set_property CLOCK_BUFFER_TYPE = NONE for clk100mhz. (constraint file  C:/Users/jwk50866/Documents/GitHub/Nexys_A7_DDR_example/DDR_example/DDR_example.runs/synth_1/.Xil/Vivado-13700-engr-d1450-007/pll/pll/pll_in_context.xdc, line 5).
Applied set_property IO_BUFFER_TYPE = NONE for ddr2_addr[0]. (constraint file  c:/Users/jwk50866/Documents/GitHub/Nexys_A7_DDR_example/DDR_example/DDR_example.gen/sources_1/ip/mig_ddr/mig_ddr/mig_ddr_in_context.xdc, line 2).
Applied set_property CLOCK_BUFFER_TYPE = NONE for ddr2_addr[0]. (constraint file  c:/Users/jwk50866/Documents/GitHub/Nexys_A7_DDR_example/DDR_example/DDR_example.gen/sources_1/ip/mig_ddr/mig_ddr/mig_ddr_in_context.xdc, line 3).
Applied set_property IO_BUFFER_TYPE = NONE for ddr2_addr[10]. (constraint file  c:/Users/jwk50866/Documents/GitHub/Nexys_A7_DDR_example/DDR_example/DDR_example.gen/sources_1/ip/mig_ddr/mig_ddr/mig_ddr_in_context.xdc, line 4).
Applied set_property CLOCK_BUFFER_TYPE = NONE for ddr2_addr[10]. (constraint file  c:/Users/jwk50866/Documents/GitHub/Nexys_A7_DDR_example/DDR_example/DDR_example.gen/sources_1/ip/mig_ddr/mig_ddr/mig_ddr_in_context.xdc, line 5).
Applied set_property IO_BUFFER_TYPE = NONE for ddr2_addr[11]. (constraint file  c:/Users/jwk50866/Documents/GitHub/Nexys_A7_DDR_example/DDR_example/DDR_example.gen/sources_1/ip/mig_ddr/mig_ddr/mig_ddr_in_context.xdc, line 6).
Applied set_property CLOCK_BUFFER_TYPE = NONE for ddr2_addr[11]. (constraint file  c:/Users/jwk50866/Documents/GitHub/Nexys_A7_DDR_example/DDR_example/DDR_example.gen/sources_1/ip/mig_ddr/mig_ddr/mig_ddr_in_context.xdc, line 7).
Applied set_property IO_BUFFER_TYPE = NONE for ddr2_addr[12]. (constraint file  c:/Users/jwk50866/Documents/GitHub/Nexys_A7_DDR_example/DDR_example/DDR_example.gen/sources_1/ip/mig_ddr/mig_ddr/mig_ddr_in_context.xdc, line 8).
Applied set_property CLOCK_BUFFER_TYPE = NONE for ddr2_addr[12]. (constraint file  c:/Users/jwk50866/Documents/GitHub/Nexys_A7_DDR_example/DDR_example/DDR_example.gen/sources_1/ip/mig_ddr/mig_ddr/mig_ddr_in_context.xdc, line 9).
Applied set_property IO_BUFFER_TYPE = NONE for ddr2_addr[1]. (constraint file  c:/Users/jwk50866/Documents/GitHub/Nexys_A7_DDR_example/DDR_example/DDR_example.gen/sources_1/ip/mig_ddr/mig_ddr/mig_ddr_in_context.xdc, line 10).
Applied set_property CLOCK_BUFFER_TYPE = NONE for ddr2_addr[1]. (constraint file  c:/Users/jwk50866/Documents/GitHub/Nexys_A7_DDR_example/DDR_example/DDR_example.gen/sources_1/ip/mig_ddr/mig_ddr/mig_ddr_in_context.xdc, line 11).
Applied set_property IO_BUFFER_TYPE = NONE for ddr2_addr[2]. (constraint file  c:/Users/jwk50866/Documents/GitHub/Nexys_A7_DDR_example/DDR_example/DDR_example.gen/sources_1/ip/mig_ddr/mig_ddr/mig_ddr_in_context.xdc, line 12).
Applied set_property CLOCK_BUFFER_TYPE = NONE for ddr2_addr[2]. (constraint file  c:/Users/jwk50866/Documents/GitHub/Nexys_A7_DDR_example/DDR_example/DDR_example.gen/sources_1/ip/mig_ddr/mig_ddr/mig_ddr_in_context.xdc, line 13).
Applied set_property IO_BUFFER_TYPE = NONE for ddr2_addr[3]. (constraint file  c:/Users/jwk50866/Documents/GitHub/Nexys_A7_DDR_example/DDR_example/DDR_example.gen/sources_1/ip/mig_ddr/mig_ddr/mig_ddr_in_context.xdc, line 14).
Applied set_property CLOCK_BUFFER_TYPE = NONE for ddr2_addr[3]. (constraint file  c:/Users/jwk50866/Documents/GitHub/Nexys_A7_DDR_example/DDR_example/DDR_example.gen/sources_1/ip/mig_ddr/mig_ddr/mig_ddr_in_context.xdc, line 15).
Applied set_property IO_BUFFER_TYPE = NONE for ddr2_addr[4]. (constraint file  c:/Users/jwk50866/Documents/GitHub/Nexys_A7_DDR_example/DDR_example/DDR_example.gen/sources_1/ip/mig_ddr/mig_ddr/mig_ddr_in_context.xdc, line 16).
Applied set_property CLOCK_BUFFER_TYPE = NONE for ddr2_addr[4]. (constraint file  c:/Users/jwk50866/Documents/GitHub/Nexys_A7_DDR_example/DDR_example/DDR_example.gen/sources_1/ip/mig_ddr/mig_ddr/mig_ddr_in_context.xdc, line 17).
Applied set_property IO_BUFFER_TYPE = NONE for ddr2_addr[5]. (constraint file  c:/Users/jwk50866/Documents/GitHub/Nexys_A7_DDR_example/DDR_example/DDR_example.gen/sources_1/ip/mig_ddr/mig_ddr/mig_ddr_in_context.xdc, line 18).
Applied set_property CLOCK_BUFFER_TYPE = NONE for ddr2_addr[5]. (constraint file  c:/Users/jwk50866/Documents/GitHub/Nexys_A7_DDR_example/DDR_example/DDR_example.gen/sources_1/ip/mig_ddr/mig_ddr/mig_ddr_in_context.xdc, line 19).
Applied set_property IO_BUFFER_TYPE = NONE for ddr2_addr[6]. (constraint file  c:/Users/jwk50866/Documents/GitHub/Nexys_A7_DDR_example/DDR_example/DDR_example.gen/sources_1/ip/mig_ddr/mig_ddr/mig_ddr_in_context.xdc, line 20).
Applied set_property CLOCK_BUFFER_TYPE = NONE for ddr2_addr[6]. (constraint file  c:/Users/jwk50866/Documents/GitHub/Nexys_A7_DDR_example/DDR_example/DDR_example.gen/sources_1/ip/mig_ddr/mig_ddr/mig_ddr_in_context.xdc, line 21).
Applied set_property IO_BUFFER_TYPE = NONE for ddr2_addr[7]. (constraint file  c:/Users/jwk50866/Documents/GitHub/Nexys_A7_DDR_example/DDR_example/DDR_example.gen/sources_1/ip/mig_ddr/mig_ddr/mig_ddr_in_context.xdc, line 22).
Applied set_property CLOCK_BUFFER_TYPE = NONE for ddr2_addr[7]. (constraint file  c:/Users/jwk50866/Documents/GitHub/Nexys_A7_DDR_example/DDR_example/DDR_example.gen/sources_1/ip/mig_ddr/mig_ddr/mig_ddr_in_context.xdc, line 23).
Applied set_property IO_BUFFER_TYPE = NONE for ddr2_addr[8]. (constraint file  c:/Users/jwk50866/Documents/GitHub/Nexys_A7_DDR_example/DDR_example/DDR_example.gen/sources_1/ip/mig_ddr/mig_ddr/mig_ddr_in_context.xdc, line 24).
Applied set_property CLOCK_BUFFER_TYPE = NONE for ddr2_addr[8]. (constraint file  c:/Users/jwk50866/Documents/GitHub/Nexys_A7_DDR_example/DDR_example/DDR_example.gen/sources_1/ip/mig_ddr/mig_ddr/mig_ddr_in_context.xdc, line 25).
Applied set_property IO_BUFFER_TYPE = NONE for ddr2_addr[9]. (constraint file  c:/Users/jwk50866/Documents/GitHub/Nexys_A7_DDR_example/DDR_example/DDR_example.gen/sources_1/ip/mig_ddr/mig_ddr/mig_ddr_in_context.xdc, line 26).
Applied set_property CLOCK_BUFFER_TYPE = NONE for ddr2_addr[9]. (constraint file  c:/Users/jwk50866/Documents/GitHub/Nexys_A7_DDR_example/DDR_example/DDR_example.gen/sources_1/ip/mig_ddr/mig_ddr/mig_ddr_in_context.xdc, line 27).
Applied set_property IO_BUFFER_TYPE = NONE for ddr2_ba[0]. (constraint file  c:/Users/jwk50866/Documents/GitHub/Nexys_A7_DDR_example/DDR_example/DDR_example.gen/sources_1/ip/mig_ddr/mig_ddr/mig_ddr_in_context.xdc, line 28).
Applied set_property CLOCK_BUFFER_TYPE = NONE for ddr2_ba[0]. (constraint file  c:/Users/jwk50866/Documents/GitHub/Nexys_A7_DDR_example/DDR_example/DDR_example.gen/sources_1/ip/mig_ddr/mig_ddr/mig_ddr_in_context.xdc, line 29).
Applied set_property IO_BUFFER_TYPE = NONE for ddr2_ba[1]. (constraint file  c:/Users/jwk50866/Documents/GitHub/Nexys_A7_DDR_example/DDR_example/DDR_example.gen/sources_1/ip/mig_ddr/mig_ddr/mig_ddr_in_context.xdc, line 30).
Applied set_property CLOCK_BUFFER_TYPE = NONE for ddr2_ba[1]. (constraint file  c:/Users/jwk50866/Documents/GitHub/Nexys_A7_DDR_example/DDR_example/DDR_example.gen/sources_1/ip/mig_ddr/mig_ddr/mig_ddr_in_context.xdc, line 31).
Applied set_property IO_BUFFER_TYPE = NONE for ddr2_ba[2]. (constraint file  c:/Users/jwk50866/Documents/GitHub/Nexys_A7_DDR_example/DDR_example/DDR_example.gen/sources_1/ip/mig_ddr/mig_ddr/mig_ddr_in_context.xdc, line 32).
Applied set_property CLOCK_BUFFER_TYPE = NONE for ddr2_ba[2]. (constraint file  c:/Users/jwk50866/Documents/GitHub/Nexys_A7_DDR_example/DDR_example/DDR_example.gen/sources_1/ip/mig_ddr/mig_ddr/mig_ddr_in_context.xdc, line 33).
Applied set_property IO_BUFFER_TYPE = NONE for ddr2_cas_n. (constraint file  c:/Users/jwk50866/Documents/GitHub/Nexys_A7_DDR_example/DDR_example/DDR_example.gen/sources_1/ip/mig_ddr/mig_ddr/mig_ddr_in_context.xdc, line 34).
Applied set_property CLOCK_BUFFER_TYPE = NONE for ddr2_cas_n. (constraint file  c:/Users/jwk50866/Documents/GitHub/Nexys_A7_DDR_example/DDR_example/DDR_example.gen/sources_1/ip/mig_ddr/mig_ddr/mig_ddr_in_context.xdc, line 35).
Applied set_property IO_BUFFER_TYPE = NONE for ddr2_ck_n. (constraint file  c:/Users/jwk50866/Documents/GitHub/Nexys_A7_DDR_example/DDR_example/DDR_example.gen/sources_1/ip/mig_ddr/mig_ddr/mig_ddr_in_context.xdc, line 36).
Applied set_property CLOCK_BUFFER_TYPE = NONE for ddr2_ck_n. (constraint file  c:/Users/jwk50866/Documents/GitHub/Nexys_A7_DDR_example/DDR_example/DDR_example.gen/sources_1/ip/mig_ddr/mig_ddr/mig_ddr_in_context.xdc, line 37).
Applied set_property IO_BUFFER_TYPE = NONE for ddr2_ck_p. (constraint file  c:/Users/jwk50866/Documents/GitHub/Nexys_A7_DDR_example/DDR_example/DDR_example.gen/sources_1/ip/mig_ddr/mig_ddr/mig_ddr_in_context.xdc, line 38).
Applied set_property CLOCK_BUFFER_TYPE = NONE for ddr2_ck_p. (constraint file  c:/Users/jwk50866/Documents/GitHub/Nexys_A7_DDR_example/DDR_example/DDR_example.gen/sources_1/ip/mig_ddr/mig_ddr/mig_ddr_in_context.xdc, line 39).
Applied set_property IO_BUFFER_TYPE = NONE for ddr2_cke. (constraint file  c:/Users/jwk50866/Documents/GitHub/Nexys_A7_DDR_example/DDR_example/DDR_example.gen/sources_1/ip/mig_ddr/mig_ddr/mig_ddr_in_context.xdc, line 40).
Applied set_property CLOCK_BUFFER_TYPE = NONE for ddr2_cke. (constraint file  c:/Users/jwk50866/Documents/GitHub/Nexys_A7_DDR_example/DDR_example/DDR_example.gen/sources_1/ip/mig_ddr/mig_ddr/mig_ddr_in_context.xdc, line 41).
Applied set_property IO_BUFFER_TYPE = NONE for ddr2_cs_n. (constraint file  c:/Users/jwk50866/Documents/GitHub/Nexys_A7_DDR_example/DDR_example/DDR_example.gen/sources_1/ip/mig_ddr/mig_ddr/mig_ddr_in_context.xdc, line 42).
Applied set_property CLOCK_BUFFER_TYPE = NONE for ddr2_cs_n. (constraint file  c:/Users/jwk50866/Documents/GitHub/Nexys_A7_DDR_example/DDR_example/DDR_example.gen/sources_1/ip/mig_ddr/mig_ddr/mig_ddr_in_context.xdc, line 43).
Applied set_property IO_BUFFER_TYPE = NONE for ddr2_dm[0]. (constraint file  c:/Users/jwk50866/Documents/GitHub/Nexys_A7_DDR_example/DDR_example/DDR_example.gen/sources_1/ip/mig_ddr/mig_ddr/mig_ddr_in_context.xdc, line 44).
Applied set_property CLOCK_BUFFER_TYPE = NONE for ddr2_dm[0]. (constraint file  c:/Users/jwk50866/Documents/GitHub/Nexys_A7_DDR_example/DDR_example/DDR_example.gen/sources_1/ip/mig_ddr/mig_ddr/mig_ddr_in_context.xdc, line 45).
Applied set_property IO_BUFFER_TYPE = NONE for ddr2_dm[1]. (constraint file  c:/Users/jwk50866/Documents/GitHub/Nexys_A7_DDR_example/DDR_example/DDR_example.gen/sources_1/ip/mig_ddr/mig_ddr/mig_ddr_in_context.xdc, line 46).
Applied set_property CLOCK_BUFFER_TYPE = NONE for ddr2_dm[1]. (constraint file  c:/Users/jwk50866/Documents/GitHub/Nexys_A7_DDR_example/DDR_example/DDR_example.gen/sources_1/ip/mig_ddr/mig_ddr/mig_ddr_in_context.xdc, line 47).
Applied set_property IO_BUFFER_TYPE = NONE for ddr2_dq[0]. (constraint file  c:/Users/jwk50866/Documents/GitHub/Nexys_A7_DDR_example/DDR_example/DDR_example.gen/sources_1/ip/mig_ddr/mig_ddr/mig_ddr_in_context.xdc, line 48).
Applied set_property CLOCK_BUFFER_TYPE = NONE for ddr2_dq[0]. (constraint file  c:/Users/jwk50866/Documents/GitHub/Nexys_A7_DDR_example/DDR_example/DDR_example.gen/sources_1/ip/mig_ddr/mig_ddr/mig_ddr_in_context.xdc, line 49).
Applied set_property IO_BUFFER_TYPE = NONE for ddr2_dq[10]. (constraint file  c:/Users/jwk50866/Documents/GitHub/Nexys_A7_DDR_example/DDR_example/DDR_example.gen/sources_1/ip/mig_ddr/mig_ddr/mig_ddr_in_context.xdc, line 50).
Applied set_property CLOCK_BUFFER_TYPE = NONE for ddr2_dq[10]. (constraint file  c:/Users/jwk50866/Documents/GitHub/Nexys_A7_DDR_example/DDR_example/DDR_example.gen/sources_1/ip/mig_ddr/mig_ddr/mig_ddr_in_context.xdc, line 51).
Applied set_property IO_BUFFER_TYPE = NONE for ddr2_dq[11]. (constraint file  c:/Users/jwk50866/Documents/GitHub/Nexys_A7_DDR_example/DDR_example/DDR_example.gen/sources_1/ip/mig_ddr/mig_ddr/mig_ddr_in_context.xdc, line 52).
Applied set_property CLOCK_BUFFER_TYPE = NONE for ddr2_dq[11]. (constraint file  c:/Users/jwk50866/Documents/GitHub/Nexys_A7_DDR_example/DDR_example/DDR_example.gen/sources_1/ip/mig_ddr/mig_ddr/mig_ddr_in_context.xdc, line 53).
Applied set_property IO_BUFFER_TYPE = NONE for ddr2_dq[12]. (constraint file  c:/Users/jwk50866/Documents/GitHub/Nexys_A7_DDR_example/DDR_example/DDR_example.gen/sources_1/ip/mig_ddr/mig_ddr/mig_ddr_in_context.xdc, line 54).
Applied set_property CLOCK_BUFFER_TYPE = NONE for ddr2_dq[12]. (constraint file  c:/Users/jwk50866/Documents/GitHub/Nexys_A7_DDR_example/DDR_example/DDR_example.gen/sources_1/ip/mig_ddr/mig_ddr/mig_ddr_in_context.xdc, line 55).
Applied set_property IO_BUFFER_TYPE = NONE for ddr2_dq[13]. (constraint file  c:/Users/jwk50866/Documents/GitHub/Nexys_A7_DDR_example/DDR_example/DDR_example.gen/sources_1/ip/mig_ddr/mig_ddr/mig_ddr_in_context.xdc, line 56).
Applied set_property CLOCK_BUFFER_TYPE = NONE for ddr2_dq[13]. (constraint file  c:/Users/jwk50866/Documents/GitHub/Nexys_A7_DDR_example/DDR_example/DDR_example.gen/sources_1/ip/mig_ddr/mig_ddr/mig_ddr_in_context.xdc, line 57).
Applied set_property IO_BUFFER_TYPE = NONE for ddr2_dq[14]. (constraint file  c:/Users/jwk50866/Documents/GitHub/Nexys_A7_DDR_example/DDR_example/DDR_example.gen/sources_1/ip/mig_ddr/mig_ddr/mig_ddr_in_context.xdc, line 58).
Applied set_property CLOCK_BUFFER_TYPE = NONE for ddr2_dq[14]. (constraint file  c:/Users/jwk50866/Documents/GitHub/Nexys_A7_DDR_example/DDR_example/DDR_example.gen/sources_1/ip/mig_ddr/mig_ddr/mig_ddr_in_context.xdc, line 59).
Applied set_property IO_BUFFER_TYPE = NONE for ddr2_dq[15]. (constraint file  c:/Users/jwk50866/Documents/GitHub/Nexys_A7_DDR_example/DDR_example/DDR_example.gen/sources_1/ip/mig_ddr/mig_ddr/mig_ddr_in_context.xdc, line 60).
Applied set_property CLOCK_BUFFER_TYPE = NONE for ddr2_dq[15]. (constraint file  c:/Users/jwk50866/Documents/GitHub/Nexys_A7_DDR_example/DDR_example/DDR_example.gen/sources_1/ip/mig_ddr/mig_ddr/mig_ddr_in_context.xdc, line 61).
Applied set_property IO_BUFFER_TYPE = NONE for ddr2_dq[1]. (constraint file  c:/Users/jwk50866/Documents/GitHub/Nexys_A7_DDR_example/DDR_example/DDR_example.gen/sources_1/ip/mig_ddr/mig_ddr/mig_ddr_in_context.xdc, line 62).
Applied set_property CLOCK_BUFFER_TYPE = NONE for ddr2_dq[1]. (constraint file  c:/Users/jwk50866/Documents/GitHub/Nexys_A7_DDR_example/DDR_example/DDR_example.gen/sources_1/ip/mig_ddr/mig_ddr/mig_ddr_in_context.xdc, line 63).
Applied set_property IO_BUFFER_TYPE = NONE for ddr2_dq[2]. (constraint file  c:/Users/jwk50866/Documents/GitHub/Nexys_A7_DDR_example/DDR_example/DDR_example.gen/sources_1/ip/mig_ddr/mig_ddr/mig_ddr_in_context.xdc, line 64).
Applied set_property CLOCK_BUFFER_TYPE = NONE for ddr2_dq[2]. (constraint file  c:/Users/jwk50866/Documents/GitHub/Nexys_A7_DDR_example/DDR_example/DDR_example.gen/sources_1/ip/mig_ddr/mig_ddr/mig_ddr_in_context.xdc, line 65).
Applied set_property IO_BUFFER_TYPE = NONE for ddr2_dq[3]. (constraint file  c:/Users/jwk50866/Documents/GitHub/Nexys_A7_DDR_example/DDR_example/DDR_example.gen/sources_1/ip/mig_ddr/mig_ddr/mig_ddr_in_context.xdc, line 66).
Applied set_property CLOCK_BUFFER_TYPE = NONE for ddr2_dq[3]. (constraint file  c:/Users/jwk50866/Documents/GitHub/Nexys_A7_DDR_example/DDR_example/DDR_example.gen/sources_1/ip/mig_ddr/mig_ddr/mig_ddr_in_context.xdc, line 67).
Applied set_property IO_BUFFER_TYPE = NONE for ddr2_dq[4]. (constraint file  c:/Users/jwk50866/Documents/GitHub/Nexys_A7_DDR_example/DDR_example/DDR_example.gen/sources_1/ip/mig_ddr/mig_ddr/mig_ddr_in_context.xdc, line 68).
Applied set_property CLOCK_BUFFER_TYPE = NONE for ddr2_dq[4]. (constraint file  c:/Users/jwk50866/Documents/GitHub/Nexys_A7_DDR_example/DDR_example/DDR_example.gen/sources_1/ip/mig_ddr/mig_ddr/mig_ddr_in_context.xdc, line 69).
Applied set_property IO_BUFFER_TYPE = NONE for ddr2_dq[5]. (constraint file  c:/Users/jwk50866/Documents/GitHub/Nexys_A7_DDR_example/DDR_example/DDR_example.gen/sources_1/ip/mig_ddr/mig_ddr/mig_ddr_in_context.xdc, line 70).
Applied set_property CLOCK_BUFFER_TYPE = NONE for ddr2_dq[5]. (constraint file  c:/Users/jwk50866/Documents/GitHub/Nexys_A7_DDR_example/DDR_example/DDR_example.gen/sources_1/ip/mig_ddr/mig_ddr/mig_ddr_in_context.xdc, line 71).
Applied set_property IO_BUFFER_TYPE = NONE for ddr2_dq[6]. (constraint file  c:/Users/jwk50866/Documents/GitHub/Nexys_A7_DDR_example/DDR_example/DDR_example.gen/sources_1/ip/mig_ddr/mig_ddr/mig_ddr_in_context.xdc, line 72).
Applied set_property CLOCK_BUFFER_TYPE = NONE for ddr2_dq[6]. (constraint file  c:/Users/jwk50866/Documents/GitHub/Nexys_A7_DDR_example/DDR_example/DDR_example.gen/sources_1/ip/mig_ddr/mig_ddr/mig_ddr_in_context.xdc, line 73).
Applied set_property IO_BUFFER_TYPE = NONE for ddr2_dq[7]. (constraint file  c:/Users/jwk50866/Documents/GitHub/Nexys_A7_DDR_example/DDR_example/DDR_example.gen/sources_1/ip/mig_ddr/mig_ddr/mig_ddr_in_context.xdc, line 74).
Applied set_property CLOCK_BUFFER_TYPE = NONE for ddr2_dq[7]. (constraint file  c:/Users/jwk50866/Documents/GitHub/Nexys_A7_DDR_example/DDR_example/DDR_example.gen/sources_1/ip/mig_ddr/mig_ddr/mig_ddr_in_context.xdc, line 75).
Applied set_property IO_BUFFER_TYPE = NONE for ddr2_dq[8]. (constraint file  c:/Users/jwk50866/Documents/GitHub/Nexys_A7_DDR_example/DDR_example/DDR_example.gen/sources_1/ip/mig_ddr/mig_ddr/mig_ddr_in_context.xdc, line 76).
Applied set_property CLOCK_BUFFER_TYPE = NONE for ddr2_dq[8]. (constraint file  c:/Users/jwk50866/Documents/GitHub/Nexys_A7_DDR_example/DDR_example/DDR_example.gen/sources_1/ip/mig_ddr/mig_ddr/mig_ddr_in_context.xdc, line 77).
Applied set_property IO_BUFFER_TYPE = NONE for ddr2_dq[9]. (constraint file  c:/Users/jwk50866/Documents/GitHub/Nexys_A7_DDR_example/DDR_example/DDR_example.gen/sources_1/ip/mig_ddr/mig_ddr/mig_ddr_in_context.xdc, line 78).
Applied set_property CLOCK_BUFFER_TYPE = NONE for ddr2_dq[9]. (constraint file  c:/Users/jwk50866/Documents/GitHub/Nexys_A7_DDR_example/DDR_example/DDR_example.gen/sources_1/ip/mig_ddr/mig_ddr/mig_ddr_in_context.xdc, line 79).
Applied set_property IO_BUFFER_TYPE = NONE for ddr2_dqs_n[0]. (constraint file  c:/Users/jwk50866/Documents/GitHub/Nexys_A7_DDR_example/DDR_example/DDR_example.gen/sources_1/ip/mig_ddr/mig_ddr/mig_ddr_in_context.xdc, line 80).
Applied set_property CLOCK_BUFFER_TYPE = NONE for ddr2_dqs_n[0]. (constraint file  c:/Users/jwk50866/Documents/GitHub/Nexys_A7_DDR_example/DDR_example/DDR_example.gen/sources_1/ip/mig_ddr/mig_ddr/mig_ddr_in_context.xdc, line 81).
Applied set_property IO_BUFFER_TYPE = NONE for ddr2_dqs_n[1]. (constraint file  c:/Users/jwk50866/Documents/GitHub/Nexys_A7_DDR_example/DDR_example/DDR_example.gen/sources_1/ip/mig_ddr/mig_ddr/mig_ddr_in_context.xdc, line 82).
Applied set_property CLOCK_BUFFER_TYPE = NONE for ddr2_dqs_n[1]. (constraint file  c:/Users/jwk50866/Documents/GitHub/Nexys_A7_DDR_example/DDR_example/DDR_example.gen/sources_1/ip/mig_ddr/mig_ddr/mig_ddr_in_context.xdc, line 83).
Applied set_property IO_BUFFER_TYPE = NONE for ddr2_dqs_p[0]. (constraint file  c:/Users/jwk50866/Documents/GitHub/Nexys_A7_DDR_example/DDR_example/DDR_example.gen/sources_1/ip/mig_ddr/mig_ddr/mig_ddr_in_context.xdc, line 84).
Applied set_property CLOCK_BUFFER_TYPE = NONE for ddr2_dqs_p[0]. (constraint file  c:/Users/jwk50866/Documents/GitHub/Nexys_A7_DDR_example/DDR_example/DDR_example.gen/sources_1/ip/mig_ddr/mig_ddr/mig_ddr_in_context.xdc, line 85).
Applied set_property IO_BUFFER_TYPE = NONE for ddr2_dqs_p[1]. (constraint file  c:/Users/jwk50866/Documents/GitHub/Nexys_A7_DDR_example/DDR_example/DDR_example.gen/sources_1/ip/mig_ddr/mig_ddr/mig_ddr_in_context.xdc, line 86).
Applied set_property CLOCK_BUFFER_TYPE = NONE for ddr2_dqs_p[1]. (constraint file  c:/Users/jwk50866/Documents/GitHub/Nexys_A7_DDR_example/DDR_example/DDR_example.gen/sources_1/ip/mig_ddr/mig_ddr/mig_ddr_in_context.xdc, line 87).
Applied set_property IO_BUFFER_TYPE = NONE for ddr2_odt. (constraint file  c:/Users/jwk50866/Documents/GitHub/Nexys_A7_DDR_example/DDR_example/DDR_example.gen/sources_1/ip/mig_ddr/mig_ddr/mig_ddr_in_context.xdc, line 88).
Applied set_property CLOCK_BUFFER_TYPE = NONE for ddr2_odt. (constraint file  c:/Users/jwk50866/Documents/GitHub/Nexys_A7_DDR_example/DDR_example/DDR_example.gen/sources_1/ip/mig_ddr/mig_ddr/mig_ddr_in_context.xdc, line 89).
Applied set_property IO_BUFFER_TYPE = NONE for ddr2_ras_n. (constraint file  c:/Users/jwk50866/Documents/GitHub/Nexys_A7_DDR_example/DDR_example/DDR_example.gen/sources_1/ip/mig_ddr/mig_ddr/mig_ddr_in_context.xdc, line 90).
Applied set_property CLOCK_BUFFER_TYPE = NONE for ddr2_ras_n. (constraint file  c:/Users/jwk50866/Documents/GitHub/Nexys_A7_DDR_example/DDR_example/DDR_example.gen/sources_1/ip/mig_ddr/mig_ddr/mig_ddr_in_context.xdc, line 91).
Applied set_property IO_BUFFER_TYPE = NONE for ddr2_we_n. (constraint file  c:/Users/jwk50866/Documents/GitHub/Nexys_A7_DDR_example/DDR_example/DDR_example.gen/sources_1/ip/mig_ddr/mig_ddr/mig_ddr_in_context.xdc, line 92).
Applied set_property CLOCK_BUFFER_TYPE = NONE for ddr2_we_n. (constraint file  c:/Users/jwk50866/Documents/GitHub/Nexys_A7_DDR_example/DDR_example/DDR_example.gen/sources_1/ip/mig_ddr/mig_ddr/mig_ddr_in_context.xdc, line 93).
Applied set_property KEEP_HIERARCHY = SOFT for pll1. (constraint file  auto generated constraint).
Applied set_property KEEP_HIERARCHY = SOFT for mem_ex/mig1. (constraint file  auto generated constraint).
---------------------------------------------------------------------------------
Finished applying 'set_property' XDC Constraints : Time (s): cpu = 00:00:09 ; elapsed = 00:00:09 . Memory (MB): peak = 1307.754 ; gain = 660.477
---------------------------------------------------------------------------------
INFO: [Synth 8-802] inferred FSM for state register 'state_reg' in module 'mem_example'
INFO: [Synth 8-802] inferred FSM for state register 'tgen_state_reg' in module 'DDR_example_top'
---------------------------------------------------------------------------------------------------
                   State |                     New Encoding |                Previous Encoding 
---------------------------------------------------------------------------------------------------
              STATE_IDLE |                              000 |                              000
             STATE_WRITE |                              001 |                              100
       STATE_WRITEDATA_H |                              010 |                              101
       STATE_WRITEDATA_L |                              011 |                              110
           STATE_PREREAD |                              100 |                              001
              STATE_READ |                              101 |                              010
---------------------------------------------------------------------------------------------------
INFO: [Synth 8-3354] encoded FSM with state register 'state_reg' using encoding 'sequential' in module 'mem_example'
---------------------------------------------------------------------------------------------------
                   State |                     New Encoding |                Previous Encoding 
---------------------------------------------------------------------------------------------------
             TGEN_GEN_AD |                            00001 |                              000
              TGEN_WRITE |                            00010 |                              001
              TGEN_WWAIT |                            00100 |                              010
               TGEN_READ |                            01000 |                              011
              TGEN_RWAIT |                            10000 |                              100
---------------------------------------------------------------------------------------------------
INFO: [Synth 8-3354] encoded FSM with state register 'tgen_state_reg' using encoding 'one-hot' in module 'DDR_example_top'
---------------------------------------------------------------------------------
Finished RTL Optimization Phase 2 : Time (s): cpu = 00:00:09 ; elapsed = 00:00:10 . Memory (MB): peak = 1307.754 ; gain = 660.477
---------------------------------------------------------------------------------
---------------------------------------------------------------------------------
Start RTL Component Statistics 
---------------------------------------------------------------------------------
Detailed RTL Component Info : 
+---XORs : 
	   2 Input      1 Bit         XORs := 6     
+---Registers : 
	               64 Bit    Registers := 4     
	               32 Bit    Registers := 1     
	               28 Bit    Registers := 2     
	                8 Bit    Registers := 1     
	                3 Bit    Registers := 3     
	                2 Bit    Registers := 1     
	                1 Bit    Registers := 19    
+---Muxes : 
	   4 Input   64 Bit        Muxes := 4     
	   2 Input   64 Bit        Muxes := 5     
	   6 Input   64 Bit        Muxes := 1     
	   5 Input   64 Bit        Muxes := 1     
	   8 Input    8 Bit        Muxes := 1     
	   2 Input    8 Bit        Muxes := 3     
	   6 Input    8 Bit        Muxes := 1     
	   5 Input    5 Bit        Muxes := 1     
	   2 Input    5 Bit        Muxes := 3     
	   6 Input    3 Bit        Muxes := 1     
	   2 Input    3 Bit        Muxes := 2     
	   2 Input    1 Bit        Muxes := 8     
	   6 Input    1 Bit        Muxes := 10    
	   5 Input    1 Bit        Muxes := 11    
---------------------------------------------------------------------------------
Finished RTL Component Statistics 
---------------------------------------------------------------------------------
---------------------------------------------------------------------------------
Start Part Resource Summary
---------------------------------------------------------------------------------
Part Resources:
DSPs: 240 (col length:80)
BRAMs: 270 (col length: RAMB18 80 RAMB36 40)
---------------------------------------------------------------------------------
Finished Part Resource Summary
---------------------------------------------------------------------------------
---------------------------------------------------------------------------------
Start Cross Boundary and Area Optimization
---------------------------------------------------------------------------------
WARNING: [Synth 8-7080] Parallel synthesis criteria is not met
WARNING: [Synth 8-7129] Port led[15] in module DDR_example_top is either unconnected or has no load
WARNING: [Synth 8-7129] Port led[14] in module DDR_example_top is either unconnected or has no load
WARNING: [Synth 8-7129] Port led[13] in module DDR_example_top is either unconnected or has no load
WARNING: [Synth 8-7129] Port led[12] in module DDR_example_top is either unconnected or has no load
WARNING: [Synth 8-7129] Port led[11] in module DDR_example_top is either unconnected or has no load
WARNING: [Synth 8-7129] Port led[10] in module DDR_example_top is either unconnected or has no load
WARNING: [Synth 8-7129] Port led[9] in module DDR_example_top is either unconnected or has no load
WARNING: [Synth 8-7129] Port led[8] in module DDR_example_top is either unconnected or has no load
WARNING: [Synth 8-7129] Port led[7] in module DDR_example_top is either unconnected or has no load
WARNING: [Synth 8-7129] Port led[6] in module DDR_example_top is either unconnected or has no load
WARNING: [Synth 8-7129] Port led[5] in module DDR_example_top is either unconnected or has no load
WARNING: [Synth 8-7129] Port led[4] in module DDR_example_top is either unconnected or has no load
WARNING: [Synth 8-7129] Port led[3] in module DDR_example_top is either unconnected or has no load
WARNING: [Synth 8-7129] Port led[2] in module DDR_example_top is either unconnected or has no load
WARNING: [Synth 8-7129] Port led[1] in module DDR_example_top is either unconnected or has no load
---------------------------------------------------------------------------------
Finished Cross Boundary and Area Optimization : Time (s): cpu = 00:00:10 ; elapsed = 00:00:11 . Memory (MB): peak = 1307.754 ; gain = 660.477
---------------------------------------------------------------------------------
---------------------------------------------------------------------------------
Start Applying XDC Timing Constraints
---------------------------------------------------------------------------------
---------------------------------------------------------------------------------
Finished Applying XDC Timing Constraints : Time (s): cpu = 00:00:14 ; elapsed = 00:00:14 . Memory (MB): peak = 1416.301 ; gain = 769.023
---------------------------------------------------------------------------------
---------------------------------------------------------------------------------
Start Timing Optimization
---------------------------------------------------------------------------------
---------------------------------------------------------------------------------
Finished Timing Optimization : Time (s): cpu = 00:00:14 ; elapsed = 00:00:14 . Memory (MB): peak = 1436.625 ; gain = 789.348
---------------------------------------------------------------------------------
---------------------------------------------------------------------------------
Start Technology Mapping
---------------------------------------------------------------------------------
---------------------------------------------------------------------------------
Finished Technology Mapping : Time (s): cpu = 00:00:14 ; elapsed = 00:00:14 . Memory (MB): peak = 1446.797 ; gain = 799.520
---------------------------------------------------------------------------------
---------------------------------------------------------------------------------
Start IO Insertion
---------------------------------------------------------------------------------
---------------------------------------------------------------------------------
Start Flattening Before IO Insertion
---------------------------------------------------------------------------------
---------------------------------------------------------------------------------
Finished Flattening Before IO Insertion
---------------------------------------------------------------------------------
---------------------------------------------------------------------------------
Start Final Netlist Cleanup
---------------------------------------------------------------------------------
---------------------------------------------------------------------------------
Finished Final Netlist Cleanup
---------------------------------------------------------------------------------
---------------------------------------------------------------------------------
Finished IO Insertion : Time (s): cpu = 00:00:16 ; elapsed = 00:00:17 . Memory (MB): peak = 1643.277 ; gain = 996.000
---------------------------------------------------------------------------------
---------------------------------------------------------------------------------
Start Renaming Generated Instances
---------------------------------------------------------------------------------
---------------------------------------------------------------------------------
Finished Renaming Generated Instances : Time (s): cpu = 00:00:16 ; elapsed = 00:00:17 . Memory (MB): peak = 1643.277 ; gain = 996.000
---------------------------------------------------------------------------------
---------------------------------------------------------------------------------
Start Rebuilding User Hierarchy
---------------------------------------------------------------------------------
---------------------------------------------------------------------------------
Finished Rebuilding User Hierarchy : Time (s): cpu = 00:00:16 ; elapsed = 00:00:17 . Memory (MB): peak = 1643.277 ; gain = 996.000
---------------------------------------------------------------------------------
---------------------------------------------------------------------------------
Start Renaming Generated Ports
---------------------------------------------------------------------------------
---------------------------------------------------------------------------------
Finished Renaming Generated Ports : Time (s): cpu = 00:00:16 ; elapsed = 00:00:17 . Memory (MB): peak = 1643.277 ; gain = 996.000
---------------------------------------------------------------------------------
---------------------------------------------------------------------------------
Start Handling Custom Attributes
---------------------------------------------------------------------------------
---------------------------------------------------------------------------------
Finished Handling Custom Attributes : Time (s): cpu = 00:00:16 ; elapsed = 00:00:17 . Memory (MB): peak = 1643.277 ; gain = 996.000
---------------------------------------------------------------------------------
---------------------------------------------------------------------------------
Start Renaming Generated Nets
---------------------------------------------------------------------------------
---------------------------------------------------------------------------------
Finished Renaming Generated Nets : Time (s): cpu = 00:00:16 ; elapsed = 00:00:17 . Memory (MB): peak = 1643.277 ; gain = 996.000
---------------------------------------------------------------------------------
---------------------------------------------------------------------------------
Start Writing Synthesis Report
---------------------------------------------------------------------------------

Report BlackBoxes: 
+------+--------------+----------+
|      |BlackBox name |Instances |
+------+--------------+----------+
|1     |pll           |         1|
|2     |mig_ddr       |         1|
+------+--------------+----------+

Report Cell Usage: 
+------+--------+------+
|      |Cell    |Count |
+------+--------+------+
|1     |mig_ddr |     1|
|2     |pll     |     1|
|3     |CARRY4  |     2|
|4     |LUT1    |     1|
|5     |LUT2    |    15|
|6     |LUT3    |     5|
|7     |LUT4    |    22|
|8     |LUT5    |     6|
|9     |LUT6    |    14|
|10    |MUXF7   |     1|
|11    |FDCE    |    23|
|12    |FDPE    |     1|
|13    |FDRE    |    65|
|14    |IBUF    |     1|
|15    |OBUF    |     1|
|16    |OBUFT   |    15|
+------+--------+------+
---------------------------------------------------------------------------------
Finished Writing Synthesis Report : Time (s): cpu = 00:00:16 ; elapsed = 00:00:17 . Memory (MB): peak = 1643.277 ; gain = 996.000
---------------------------------------------------------------------------------
Synthesis finished with 0 errors, 0 critical warnings and 16 warnings.
Synthesis Optimization Runtime : Time (s): cpu = 00:00:11 ; elapsed = 00:00:15 . Memory (MB): peak = 1643.277 ; gain = 914.109
Synthesis Optimization Complete : Time (s): cpu = 00:00:16 ; elapsed = 00:00:17 . Memory (MB): peak = 1643.277 ; gain = 996.000
INFO: [Project 1-571] Translating synthesized netlist
Netlist sorting complete. Time (s): cpu = 00:00:00 ; elapsed = 00:00:00.003 . Memory (MB): peak = 1643.277 ; gain = 0.000
INFO: [Netlist 29-17] Analyzing 3 Unisim elements for replacement
INFO: [Netlist 29-28] Unisim Transformation completed in 0 CPU seconds
INFO: [Project 1-570] Preparing netlist for logic optimization
INFO: [Opt 31-138] Pushed 0 inverter(s) to 0 load pin(s).
Netlist sorting complete. Time (s): cpu = 00:00:00 ; elapsed = 00:00:00 . Memory (MB): peak = 1643.277 ; gain = 0.000
INFO: [Project 1-111] Unisim Transformation Summary:
No Unisim elements were transformed.

Synth Design complete | Checksum: 50026156
INFO: [Common 17-83] Releasing license: Synthesis
39 Infos, 35 Warnings, 0 Critical Warnings and 0 Errors encountered.
synth_design completed successfully
synth_design: Time (s): cpu = 00:00:18 ; elapsed = 00:00:22 . Memory (MB): peak = 1643.277 ; gain = 1202.656
Write ShapeDB Complete: Time (s): cpu = 00:00:00 ; elapsed = 00:00:00.001 . Memory (MB): peak = 1643.277 ; gain = 0.000
INFO: [Common 17-1381] The checkpoint 'C:/Users/jwk50866/Documents/GitHub/Nexys_A7_DDR_example/DDR_example/DDR_example.runs/synth_1/DDR_example_top.dcp' has been generated.
INFO: [Vivado 12-24828] Executing command : report_utilization -file DDR_example_top_utilization_synth.rpt -pb DDR_example_top_utilization_synth.pb
INFO: [Common 17-206] Exiting Vivado at Fri May  2 14:42:47 2025...
