Copyright 1986-2022 Xilinx, Inc. All Rights Reserved. Copyright 2022-2024 Advanced Micro Devices, Inc. All Rights Reserved.
-----------------------------------------------------------------------------------------------------------------------------------------------------------------------------------
| Tool Version : Vivado v.2024.2.1 (win64) Build 5266912 Sun Dec 15 09:03:24 MST 2024
| Date         : Fri May  2 14:44:05 2025
| Host         : engr-d1450-007 running 64-bit major release  (build 9200)
| Command      : report_methodology -file DDR_example_top_methodology_drc_routed.rpt -pb DDR_example_top_methodology_drc_routed.pb -rpx DDR_example_top_methodology_drc_routed.rpx
| Design       : DDR_example_top
| Device       : xc7a100tcsg324-1
| Speed File   : -1
| Design State : Fully Routed
-----------------------------------------------------------------------------------------------------------------------------------------------------------------------------------

Report Methodology

Table of Contents
-----------------
1. REPORT SUMMARY
2. REPORT DETAILS

1. REPORT SUMMARY
-----------------
            Netlist: netlist
          Floorplan: design_1
      Design limits: <entire design considered>
             Max checks: <unlimited>
             Checks found: 105
+-----------+------------------+------------------------------------------------------------------+--------+
| Rule      | Severity         | Description                                                      | Checks |
+-----------+------------------+------------------------------------------------------------------+--------+
| TIMING-6  | Critical Warning | No common primary clock between related clocks                   | 44     |
| LUTAR-1   | Warning          | LUT drives async reset alert                                     | 2      |
| PDRC-190  | Warning          | Suboptimally placed synchronized register chain                  | 12     |
| TIMING-10 | Warning          | Missing property on synchronizer                                 | 1      |
| TIMING-16 | Warning          | Large setup violation                                            | 8      |
| TIMING-56 | Warning          | Missing logically or physically excluded clock groups constraint | 21     |
| XDCB-5    | Warning          | Runtime inefficient way to find pin objects                      | 1      |
| REQP-1959 | Advisory         | connects_SERDES_RST_driver_not_FF                                | 16     |
+-----------+------------------+------------------------------------------------------------------+--------+

2. REPORT DETAILS
-----------------
TIMING-6#1 Critical Warning
No common primary clock between related clocks  
The clocks clk_cpu_pll and clk_cpu_pll_1 are related (timed together) but they have no common primary clock. The design could fail in hardware. To find a timing path between these clocks, run the following command: report_timing -from [get_clocks clk_cpu_pll] -to [get_clocks clk_cpu_pll_1]
Related violations: <none>

TIMING-6#2 Critical Warning
No common primary clock between related clocks  
The clocks clk_cpu_pll and clk_pll_i_1 are related (timed together) but they have no common primary clock. The design could fail in hardware. To find a timing path between these clocks, run the following command: report_timing -from [get_clocks clk_cpu_pll] -to [get_clocks clk_pll_i_1]
Related violations: <none>

TIMING-6#3 Critical Warning
No common primary clock between related clocks  
The clocks clk_cpu_pll_1 and clk_cpu_pll are related (timed together) but they have no common primary clock. The design could fail in hardware. To find a timing path between these clocks, run the following command: report_timing -from [get_clocks clk_cpu_pll_1] -to [get_clocks clk_cpu_pll]
Related violations: <none>

TIMING-6#4 Critical Warning
No common primary clock between related clocks  
The clocks clk_cpu_pll_1 and clk_pll_i are related (timed together) but they have no common primary clock. The design could fail in hardware. To find a timing path between these clocks, run the following command: report_timing -from [get_clocks clk_cpu_pll_1] -to [get_clocks clk_pll_i]
Related violations: <none>

TIMING-6#5 Critical Warning
No common primary clock between related clocks  
The clocks clk_mem_pll and clk_mem_pll_1 are related (timed together) but they have no common primary clock. The design could fail in hardware. To find a timing path between these clocks, run the following command: report_timing -from [get_clocks clk_mem_pll] -to [get_clocks clk_mem_pll_1]
Related violations: <none>

TIMING-6#6 Critical Warning
No common primary clock between related clocks  
The clocks clk_mem_pll and clk_pll_i_1 are related (timed together) but they have no common primary clock. The design could fail in hardware. To find a timing path between these clocks, run the following command: report_timing -from [get_clocks clk_mem_pll] -to [get_clocks clk_pll_i_1]
Related violations: <none>

TIMING-6#7 Critical Warning
No common primary clock between related clocks  
The clocks clk_mem_pll_1 and clk_mem_pll are related (timed together) but they have no common primary clock. The design could fail in hardware. To find a timing path between these clocks, run the following command: report_timing -from [get_clocks clk_mem_pll_1] -to [get_clocks clk_mem_pll]
Related violations: <none>

TIMING-6#8 Critical Warning
No common primary clock between related clocks  
The clocks clk_mem_pll_1 and clk_pll_i are related (timed together) but they have no common primary clock. The design could fail in hardware. To find a timing path between these clocks, run the following command: report_timing -from [get_clocks clk_mem_pll_1] -to [get_clocks clk_pll_i]
Related violations: <none>

TIMING-6#9 Critical Warning
No common primary clock between related clocks  
The clocks clk_pll_i and clk_cpu_pll_1 are related (timed together) but they have no common primary clock. The design could fail in hardware. To find a timing path between these clocks, run the following command: report_timing -from [get_clocks clk_pll_i] -to [get_clocks clk_cpu_pll_1]
Related violations: <none>

TIMING-6#10 Critical Warning
No common primary clock between related clocks  
The clocks clk_pll_i and clk_pll_i_1 are related (timed together) but they have no common primary clock. The design could fail in hardware. To find a timing path between these clocks, run the following command: report_timing -from [get_clocks clk_pll_i] -to [get_clocks clk_pll_i_1]
Related violations: <none>

TIMING-6#11 Critical Warning
No common primary clock between related clocks  
The clocks clk_pll_i and u_memc_ui_top_std/mem_intfc0/ddr_phy_top0/u_ddr_mc_phy_wrapper/u_ddr_mc_phy/ddr_phy_4lanes_0.u_ddr_phy_4lanes/ddr_byte_lane_A.ddr_byte_lane_A/iserdes_clk_1 are related (timed together) but they have no common primary clock. The design could fail in hardware. To find a timing path between these clocks, run the following command: report_timing -from [get_clocks clk_pll_i] -to [get_clocks u_memc_ui_top_std/mem_intfc0/ddr_phy_top0/u_ddr_mc_phy_wrapper/u_ddr_mc_phy/ddr_phy_4lanes_0.u_ddr_phy_4lanes/ddr_byte_lane_A.ddr_byte_lane_A/iserdes_clk_1]
Related violations: <none>

TIMING-6#12 Critical Warning
No common primary clock between related clocks  
The clocks clk_pll_i and u_memc_ui_top_std/mem_intfc0/ddr_phy_top0/u_ddr_mc_phy_wrapper/u_ddr_mc_phy/ddr_phy_4lanes_0.u_ddr_phy_4lanes/ddr_byte_lane_C.ddr_byte_lane_C/iserdes_clk_1 are related (timed together) but they have no common primary clock. The design could fail in hardware. To find a timing path between these clocks, run the following command: report_timing -from [get_clocks clk_pll_i] -to [get_clocks u_memc_ui_top_std/mem_intfc0/ddr_phy_top0/u_ddr_mc_phy_wrapper/u_ddr_mc_phy/ddr_phy_4lanes_0.u_ddr_phy_4lanes/ddr_byte_lane_C.ddr_byte_lane_C/iserdes_clk_1]
Related violations: <none>

TIMING-6#13 Critical Warning
No common primary clock between related clocks  
The clocks clk_pll_i_1 and clk_cpu_pll are related (timed together) but they have no common primary clock. The design could fail in hardware. To find a timing path between these clocks, run the following command: report_timing -from [get_clocks clk_pll_i_1] -to [get_clocks clk_cpu_pll]
Related violations: <none>

TIMING-6#14 Critical Warning
No common primary clock between related clocks  
The clocks clk_pll_i_1 and clk_pll_i are related (timed together) but they have no common primary clock. The design could fail in hardware. To find a timing path between these clocks, run the following command: report_timing -from [get_clocks clk_pll_i_1] -to [get_clocks clk_pll_i]
Related violations: <none>

TIMING-6#15 Critical Warning
No common primary clock between related clocks  
The clocks clk_pll_i_1 and u_memc_ui_top_std/mem_intfc0/ddr_phy_top0/u_ddr_mc_phy_wrapper/u_ddr_mc_phy/ddr_phy_4lanes_0.u_ddr_phy_4lanes/ddr_byte_lane_A.ddr_byte_lane_A/iserdes_clk are related (timed together) but they have no common primary clock. The design could fail in hardware. To find a timing path between these clocks, run the following command: report_timing -from [get_clocks clk_pll_i_1] -to [get_clocks u_memc_ui_top_std/mem_intfc0/ddr_phy_top0/u_ddr_mc_phy_wrapper/u_ddr_mc_phy/ddr_phy_4lanes_0.u_ddr_phy_4lanes/ddr_byte_lane_A.ddr_byte_lane_A/iserdes_clk]
Related violations: <none>

TIMING-6#16 Critical Warning
No common primary clock between related clocks  
The clocks clk_pll_i_1 and u_memc_ui_top_std/mem_intfc0/ddr_phy_top0/u_ddr_mc_phy_wrapper/u_ddr_mc_phy/ddr_phy_4lanes_0.u_ddr_phy_4lanes/ddr_byte_lane_C.ddr_byte_lane_C/iserdes_clk are related (timed together) but they have no common primary clock. The design could fail in hardware. To find a timing path between these clocks, run the following command: report_timing -from [get_clocks clk_pll_i_1] -to [get_clocks u_memc_ui_top_std/mem_intfc0/ddr_phy_top0/u_ddr_mc_phy_wrapper/u_ddr_mc_phy/ddr_phy_4lanes_0.u_ddr_phy_4lanes/ddr_byte_lane_C.ddr_byte_lane_C/iserdes_clk]
Related violations: <none>

TIMING-6#17 Critical Warning
No common primary clock between related clocks  
The clocks iserdes_clkdiv and iserdes_clkdiv_2 are related (timed together) but they have no common primary clock. The design could fail in hardware. To find a timing path between these clocks, run the following command: report_timing -from [get_clocks iserdes_clkdiv] -to [get_clocks iserdes_clkdiv_2]
Related violations: <none>

TIMING-6#18 Critical Warning
No common primary clock between related clocks  
The clocks iserdes_clkdiv_1 and iserdes_clkdiv_3 are related (timed together) but they have no common primary clock. The design could fail in hardware. To find a timing path between these clocks, run the following command: report_timing -from [get_clocks iserdes_clkdiv_1] -to [get_clocks iserdes_clkdiv_3]
Related violations: <none>

TIMING-6#19 Critical Warning
No common primary clock between related clocks  
The clocks iserdes_clkdiv_2 and iserdes_clkdiv are related (timed together) but they have no common primary clock. The design could fail in hardware. To find a timing path between these clocks, run the following command: report_timing -from [get_clocks iserdes_clkdiv_2] -to [get_clocks iserdes_clkdiv]
Related violations: <none>

TIMING-6#20 Critical Warning
No common primary clock between related clocks  
The clocks iserdes_clkdiv_3 and iserdes_clkdiv_1 are related (timed together) but they have no common primary clock. The design could fail in hardware. To find a timing path between these clocks, run the following command: report_timing -from [get_clocks iserdes_clkdiv_3] -to [get_clocks iserdes_clkdiv_1]
Related violations: <none>

TIMING-6#21 Critical Warning
No common primary clock between related clocks  
The clocks mem_refclk and mem_refclk_1 are related (timed together) but they have no common primary clock. The design could fail in hardware. To find a timing path between these clocks, run the following command: report_timing -from [get_clocks mem_refclk] -to [get_clocks mem_refclk_1]
Related violations: <none>

TIMING-6#22 Critical Warning
No common primary clock between related clocks  
The clocks mem_refclk_1 and mem_refclk are related (timed together) but they have no common primary clock. The design could fail in hardware. To find a timing path between these clocks, run the following command: report_timing -from [get_clocks mem_refclk_1] -to [get_clocks mem_refclk]
Related violations: <none>

TIMING-6#23 Critical Warning
No common primary clock between related clocks  
The clocks oserdes_clk and oserdes_clk_4 are related (timed together) but they have no common primary clock. The design could fail in hardware. To find a timing path between these clocks, run the following command: report_timing -from [get_clocks oserdes_clk] -to [get_clocks oserdes_clk_4]
Related violations: <none>

TIMING-6#24 Critical Warning
No common primary clock between related clocks  
The clocks oserdes_clk and oserdes_clkdiv_4 are related (timed together) but they have no common primary clock. The design could fail in hardware. To find a timing path between these clocks, run the following command: report_timing -from [get_clocks oserdes_clk] -to [get_clocks oserdes_clkdiv_4]
Related violations: <none>

TIMING-6#25 Critical Warning
No common primary clock between related clocks  
The clocks oserdes_clk_1 and oserdes_clkdiv_5 are related (timed together) but they have no common primary clock. The design could fail in hardware. To find a timing path between these clocks, run the following command: report_timing -from [get_clocks oserdes_clk_1] -to [get_clocks oserdes_clkdiv_5]
Related violations: <none>

TIMING-6#26 Critical Warning
No common primary clock between related clocks  
The clocks oserdes_clk_2 and oserdes_clk_6 are related (timed together) but they have no common primary clock. The design could fail in hardware. To find a timing path between these clocks, run the following command: report_timing -from [get_clocks oserdes_clk_2] -to [get_clocks oserdes_clk_6]
Related violations: <none>

TIMING-6#27 Critical Warning
No common primary clock between related clocks  
The clocks oserdes_clk_2 and oserdes_clkdiv_6 are related (timed together) but they have no common primary clock. The design could fail in hardware. To find a timing path between these clocks, run the following command: report_timing -from [get_clocks oserdes_clk_2] -to [get_clocks oserdes_clkdiv_6]
Related violations: <none>

TIMING-6#28 Critical Warning
No common primary clock between related clocks  
The clocks oserdes_clk_3 and oserdes_clkdiv_7 are related (timed together) but they have no common primary clock. The design could fail in hardware. To find a timing path between these clocks, run the following command: report_timing -from [get_clocks oserdes_clk_3] -to [get_clocks oserdes_clkdiv_7]
Related violations: <none>

TIMING-6#29 Critical Warning
No common primary clock between related clocks  
The clocks oserdes_clk_4 and oserdes_clk are related (timed together) but they have no common primary clock. The design could fail in hardware. To find a timing path between these clocks, run the following command: report_timing -from [get_clocks oserdes_clk_4] -to [get_clocks oserdes_clk]
Related violations: <none>

TIMING-6#30 Critical Warning
No common primary clock between related clocks  
The clocks oserdes_clk_4 and oserdes_clkdiv are related (timed together) but they have no common primary clock. The design could fail in hardware. To find a timing path between these clocks, run the following command: report_timing -from [get_clocks oserdes_clk_4] -to [get_clocks oserdes_clkdiv]
Related violations: <none>

TIMING-6#31 Critical Warning
No common primary clock between related clocks  
The clocks oserdes_clk_5 and oserdes_clkdiv_1 are related (timed together) but they have no common primary clock. The design could fail in hardware. To find a timing path between these clocks, run the following command: report_timing -from [get_clocks oserdes_clk_5] -to [get_clocks oserdes_clkdiv_1]
Related violations: <none>

TIMING-6#32 Critical Warning
No common primary clock between related clocks  
The clocks oserdes_clk_6 and oserdes_clk_2 are related (timed together) but they have no common primary clock. The design could fail in hardware. To find a timing path between these clocks, run the following command: report_timing -from [get_clocks oserdes_clk_6] -to [get_clocks oserdes_clk_2]
Related violations: <none>

TIMING-6#33 Critical Warning
No common primary clock between related clocks  
The clocks oserdes_clk_6 and oserdes_clkdiv_2 are related (timed together) but they have no common primary clock. The design could fail in hardware. To find a timing path between these clocks, run the following command: report_timing -from [get_clocks oserdes_clk_6] -to [get_clocks oserdes_clkdiv_2]
Related violations: <none>

TIMING-6#34 Critical Warning
No common primary clock between related clocks  
The clocks oserdes_clk_7 and oserdes_clkdiv_3 are related (timed together) but they have no common primary clock. The design could fail in hardware. To find a timing path between these clocks, run the following command: report_timing -from [get_clocks oserdes_clk_7] -to [get_clocks oserdes_clkdiv_3]
Related violations: <none>

TIMING-6#35 Critical Warning
No common primary clock between related clocks  
The clocks oserdes_clkdiv and oserdes_clkdiv_4 are related (timed together) but they have no common primary clock. The design could fail in hardware. To find a timing path between these clocks, run the following command: report_timing -from [get_clocks oserdes_clkdiv] -to [get_clocks oserdes_clkdiv_4]
Related violations: <none>

TIMING-6#36 Critical Warning
No common primary clock between related clocks  
The clocks oserdes_clkdiv_1 and oserdes_clkdiv_5 are related (timed together) but they have no common primary clock. The design could fail in hardware. To find a timing path between these clocks, run the following command: report_timing -from [get_clocks oserdes_clkdiv_1] -to [get_clocks oserdes_clkdiv_5]
Related violations: <none>

TIMING-6#37 Critical Warning
No common primary clock between related clocks  
The clocks oserdes_clkdiv_2 and oserdes_clkdiv_6 are related (timed together) but they have no common primary clock. The design could fail in hardware. To find a timing path between these clocks, run the following command: report_timing -from [get_clocks oserdes_clkdiv_2] -to [get_clocks oserdes_clkdiv_6]
Related violations: <none>

TIMING-6#38 Critical Warning
No common primary clock between related clocks  
The clocks oserdes_clkdiv_3 and oserdes_clkdiv_7 are related (timed together) but they have no common primary clock. The design could fail in hardware. To find a timing path between these clocks, run the following command: report_timing -from [get_clocks oserdes_clkdiv_3] -to [get_clocks oserdes_clkdiv_7]
Related violations: <none>

TIMING-6#39 Critical Warning
No common primary clock between related clocks  
The clocks oserdes_clkdiv_4 and oserdes_clkdiv are related (timed together) but they have no common primary clock. The design could fail in hardware. To find a timing path between these clocks, run the following command: report_timing -from [get_clocks oserdes_clkdiv_4] -to [get_clocks oserdes_clkdiv]
Related violations: <none>

TIMING-6#40 Critical Warning
No common primary clock between related clocks  
The clocks oserdes_clkdiv_5 and oserdes_clkdiv_1 are related (timed together) but they have no common primary clock. The design could fail in hardware. To find a timing path between these clocks, run the following command: report_timing -from [get_clocks oserdes_clkdiv_5] -to [get_clocks oserdes_clkdiv_1]
Related violations: <none>

TIMING-6#41 Critical Warning
No common primary clock between related clocks  
The clocks oserdes_clkdiv_6 and oserdes_clkdiv_2 are related (timed together) but they have no common primary clock. The design could fail in hardware. To find a timing path between these clocks, run the following command: report_timing -from [get_clocks oserdes_clkdiv_6] -to [get_clocks oserdes_clkdiv_2]
Related violations: <none>

TIMING-6#42 Critical Warning
No common primary clock between related clocks  
The clocks oserdes_clkdiv_7 and oserdes_clkdiv_3 are related (timed together) but they have no common primary clock. The design could fail in hardware. To find a timing path between these clocks, run the following command: report_timing -from [get_clocks oserdes_clkdiv_7] -to [get_clocks oserdes_clkdiv_3]
Related violations: <none>

TIMING-6#43 Critical Warning
No common primary clock between related clocks  
The clocks sync_pulse and mem_refclk_1 are related (timed together) but they have no common primary clock. The design could fail in hardware. To find a timing path between these clocks, run the following command: report_timing -from [get_clocks sync_pulse] -to [get_clocks mem_refclk_1]
Related violations: <none>

TIMING-6#44 Critical Warning
No common primary clock between related clocks  
The clocks sync_pulse_1 and mem_refclk are related (timed together) but they have no common primary clock. The design could fail in hardware. To find a timing path between these clocks, run the following command: report_timing -from [get_clocks sync_pulse_1] -to [get_clocks mem_refclk]
Related violations: <none>

LUTAR-1#1 Warning
LUT drives async reset alert  
LUT cell mem_ex/complete_sync/FSM_onehot_tgen_state[4]_i_2, with 2 or more inputs, drives asynchronous preset/clear pin(s) FSM_onehot_tgen_state_reg[0]/PRE, FSM_onehot_tgen_state_reg[1]/CLR,
FSM_onehot_tgen_state_reg[2]/CLR, FSM_onehot_tgen_state_reg[3]/CLR,
FSM_onehot_tgen_state_reg[4]/CLR, dequ_reg/CLR, mem_d_to_ram_reg[50]/CLR,
mem_ex/complete_sync/flag_sync_reg[0]/CLR,
mem_ex/complete_sync/flag_sync_reg[1]/CLR,
mem_ex/complete_sync/flag_sync_reg[2]/CLR, mem_ex/rs_sync/flag_reg/CLR,
mem_ex/ws_sync/flag_reg/CLR, mem_rstrobe_reg/CLR,
mem_transaction_width_reg[1]/CLR, mem_wstrobe_reg/CLR
 (the first 15 of 17 listed). The LUT may glitch and trigger an unexpected reset, even if it is a properly timed path.
Related violations: <none>

LUTAR-1#2 Warning
LUT drives async reset alert  
LUT cell mem_ex/mig1/u_mig_ddr_mig/u_iodelay_ctrl/rstdiv2_sync_r[11]_i_1, with 2 or more inputs, drives asynchronous preset/clear pin(s) mem_ex/mig1/u_mig_ddr_mig/u_ddr2_infrastructure/rstdiv0_sync_r1_reg_rep__7/PRE,
mem_ex/mig1/u_mig_ddr_mig/u_ddr2_infrastructure/rstdiv0_sync_r1_reg_rep__8/PRE,
mem_ex/mig1/u_mig_ddr_mig/u_ddr2_infrastructure/rstdiv0_sync_r1_reg_rep__9/PRE,
mem_ex/mig1/u_mig_ddr_mig/u_ddr2_infrastructure/rstdiv0_sync_r_reg[0]/PRE,
mem_ex/mig1/u_mig_ddr_mig/u_ddr2_infrastructure/rstdiv0_sync_r_reg[10]/PRE,
mem_ex/mig1/u_mig_ddr_mig/u_ddr2_infrastructure/rstdiv0_sync_r_reg[11]/PRE,
mem_ex/mig1/u_mig_ddr_mig/u_ddr2_infrastructure/rstdiv0_sync_r_reg[1]/PRE,
mem_ex/mig1/u_mig_ddr_mig/u_ddr2_infrastructure/rstdiv0_sync_r_reg[2]/PRE,
mem_ex/mig1/u_mig_ddr_mig/u_ddr2_infrastructure/rstdiv0_sync_r_reg[3]/PRE,
mem_ex/mig1/u_mig_ddr_mig/u_ddr2_infrastructure/rstdiv0_sync_r_reg[4]/PRE,
mem_ex/mig1/u_mig_ddr_mig/u_ddr2_infrastructure/rstdiv0_sync_r_reg[5]/PRE,
mem_ex/mig1/u_mig_ddr_mig/u_ddr2_infrastructure/rstdiv0_sync_r_reg[6]/PRE,
mem_ex/mig1/u_mig_ddr_mig/u_ddr2_infrastructure/rstdiv0_sync_r_reg[7]/PRE,
mem_ex/mig1/u_mig_ddr_mig/u_ddr2_infrastructure/rstdiv0_sync_r_reg[8]/PRE,
mem_ex/mig1/u_mig_ddr_mig/u_ddr2_infrastructure/rstdiv0_sync_r_reg[9]/PRE
 (the first 15 of 29 listed). The LUT may glitch and trigger an unexpected reset, even if it is a properly timed path.
Related violations: <none>

PDRC-190#1 Warning
Suboptimally placed synchronized register chain  
The FDRE cell mem_ex/mig1/u_mig_ddr_mig/temp_mon_enabled.u_tempmon/device_temp_sync_r5_reg[0] in site SLICE_X30Y124 is part of a synchronized register chain that is suboptimally placed as the load FDRE cell mem_ex/mig1/u_mig_ddr_mig/temp_mon_enabled.u_tempmon/device_temp_r_reg[0] is not placed in the same (SLICE) site.
Related violations: <none>

PDRC-190#2 Warning
Suboptimally placed synchronized register chain  
The FDRE cell mem_ex/mig1/u_mig_ddr_mig/temp_mon_enabled.u_tempmon/device_temp_sync_r5_reg[10] in site SLICE_X29Y123 is part of a synchronized register chain that is suboptimally placed as the load FDRE cell mem_ex/mig1/u_mig_ddr_mig/temp_mon_enabled.u_tempmon/device_temp_r_reg[10] is not placed in the same (SLICE) site.
Related violations: <none>

PDRC-190#3 Warning
Suboptimally placed synchronized register chain  
The FDRE cell mem_ex/mig1/u_mig_ddr_mig/temp_mon_enabled.u_tempmon/device_temp_sync_r5_reg[11] in site SLICE_X32Y121 is part of a synchronized register chain that is suboptimally placed as the load FDRE cell mem_ex/mig1/u_mig_ddr_mig/temp_mon_enabled.u_tempmon/device_temp_r_reg[11] is not placed in the same (SLICE) site.
Related violations: <none>

PDRC-190#4 Warning
Suboptimally placed synchronized register chain  
The FDRE cell mem_ex/mig1/u_mig_ddr_mig/temp_mon_enabled.u_tempmon/device_temp_sync_r5_reg[1] in site SLICE_X32Y123 is part of a synchronized register chain that is suboptimally placed as the load FDRE cell mem_ex/mig1/u_mig_ddr_mig/temp_mon_enabled.u_tempmon/device_temp_r_reg[1] is not placed in the same (SLICE) site.
Related violations: <none>

PDRC-190#5 Warning
Suboptimally placed synchronized register chain  
The FDRE cell mem_ex/mig1/u_mig_ddr_mig/temp_mon_enabled.u_tempmon/device_temp_sync_r5_reg[2] in site SLICE_X30Y120 is part of a synchronized register chain that is suboptimally placed as the load FDRE cell mem_ex/mig1/u_mig_ddr_mig/temp_mon_enabled.u_tempmon/device_temp_r_reg[2] is not placed in the same (SLICE) site.
Related violations: <none>

PDRC-190#6 Warning
Suboptimally placed synchronized register chain  
The FDRE cell mem_ex/mig1/u_mig_ddr_mig/temp_mon_enabled.u_tempmon/device_temp_sync_r5_reg[3] in site SLICE_X33Y121 is part of a synchronized register chain that is suboptimally placed as the load FDRE cell mem_ex/mig1/u_mig_ddr_mig/temp_mon_enabled.u_tempmon/device_temp_r_reg[3] is not placed in the same (SLICE) site.
Related violations: <none>

PDRC-190#7 Warning
Suboptimally placed synchronized register chain  
The FDRE cell mem_ex/mig1/u_mig_ddr_mig/temp_mon_enabled.u_tempmon/device_temp_sync_r5_reg[4] in site SLICE_X28Y121 is part of a synchronized register chain that is suboptimally placed as the load FDRE cell mem_ex/mig1/u_mig_ddr_mig/temp_mon_enabled.u_tempmon/device_temp_r_reg[4] is not placed in the same (SLICE) site.
Related violations: <none>

PDRC-190#8 Warning
Suboptimally placed synchronized register chain  
The FDRE cell mem_ex/mig1/u_mig_ddr_mig/temp_mon_enabled.u_tempmon/device_temp_sync_r5_reg[5] in site SLICE_X29Y121 is part of a synchronized register chain that is suboptimally placed as the load FDRE cell mem_ex/mig1/u_mig_ddr_mig/temp_mon_enabled.u_tempmon/device_temp_r_reg[5] is not placed in the same (SLICE) site.
Related violations: <none>

PDRC-190#9 Warning
Suboptimally placed synchronized register chain  
The FDRE cell mem_ex/mig1/u_mig_ddr_mig/temp_mon_enabled.u_tempmon/device_temp_sync_r5_reg[6] in site SLICE_X31Y122 is part of a synchronized register chain that is suboptimally placed as the load FDRE cell mem_ex/mig1/u_mig_ddr_mig/temp_mon_enabled.u_tempmon/device_temp_r_reg[6] is not placed in the same (SLICE) site.
Related violations: <none>

PDRC-190#10 Warning
Suboptimally placed synchronized register chain  
The FDRE cell mem_ex/mig1/u_mig_ddr_mig/temp_mon_enabled.u_tempmon/device_temp_sync_r5_reg[7] in site SLICE_X30Y122 is part of a synchronized register chain that is suboptimally placed as the load FDRE cell mem_ex/mig1/u_mig_ddr_mig/temp_mon_enabled.u_tempmon/device_temp_r_reg[7] is not placed in the same (SLICE) site.
Related violations: <none>

PDRC-190#11 Warning
Suboptimally placed synchronized register chain  
The FDRE cell mem_ex/mig1/u_mig_ddr_mig/temp_mon_enabled.u_tempmon/device_temp_sync_r5_reg[8] in site SLICE_X31Y124 is part of a synchronized register chain that is suboptimally placed as the load FDRE cell mem_ex/mig1/u_mig_ddr_mig/temp_mon_enabled.u_tempmon/device_temp_r_reg[8] is not placed in the same (SLICE) site.
Related violations: <none>

PDRC-190#12 Warning
Suboptimally placed synchronized register chain  
The FDRE cell mem_ex/mig1/u_mig_ddr_mig/temp_mon_enabled.u_tempmon/device_temp_sync_r5_reg[9] in site SLICE_X31Y119 is part of a synchronized register chain that is suboptimally placed as the load FDRE cell mem_ex/mig1/u_mig_ddr_mig/temp_mon_enabled.u_tempmon/device_temp_r_reg[9] is not placed in the same (SLICE) site.
Related violations: <none>

TIMING-10#1 Warning
Missing property on synchronizer  
One or more logic synchronizer has been detected between 2 clock domains but the synchronizer does not have the property ASYNC_REG defined on one or both registers. It is recommended to run report_cdc for a complete and detailed CDC coverage
Related violations: <none>

TIMING-16#1 Warning
Large setup violation  
There is a large setup violation of -1.091 ns between mem_d_to_ram_reg[50]/C (clocked by clk_cpu_pll) and mem_ex/mem_wdf_data_reg[63]/D (clocked by clk_pll_i_1). Large setup violations at the end of those stages might be difficult to fix during the post-placement implementation flow and could be the result of non-optimal XDC constraints or non-optimal design architecture
Related violations: <none>

TIMING-16#2 Warning
Large setup violation  
There is a large setup violation of -1.104 ns between mem_d_to_ram_reg[50]/C (clocked by clk_cpu_pll) and mem_ex/mem_wdf_data_reg[15]/D (clocked by clk_pll_i_1). Large setup violations at the end of those stages might be difficult to fix during the post-placement implementation flow and could be the result of non-optimal XDC constraints or non-optimal design architecture
Related violations: <none>

TIMING-16#3 Warning
Large setup violation  
There is a large setup violation of -1.168 ns between mem_transaction_width_reg[1]/C (clocked by clk_cpu_pll) and mem_ex/mem_wdf_mask_reg[7]/D (clocked by clk_pll_i_1). Large setup violations at the end of those stages might be difficult to fix during the post-placement implementation flow and could be the result of non-optimal XDC constraints or non-optimal design architecture
Related violations: <none>

TIMING-16#4 Warning
Large setup violation  
There is a large setup violation of -2.484 ns between mem_ex/rs_sync/flag_reg/C (clocked by clk_cpu_pll) and mem_ex/rs_sync/flag_sync_reg[0]/D (clocked by clk_pll_i). Large setup violations at the end of those stages might be difficult to fix during the post-placement implementation flow and could be the result of non-optimal XDC constraints or non-optimal design architecture
Related violations: <none>

TIMING-16#5 Warning
Large setup violation  
There is a large setup violation of -2.592 ns between mem_ex/ws_sync/flag_reg/C (clocked by clk_cpu_pll) and mem_ex/ws_sync/flag_sync_reg[0]/D (clocked by clk_pll_i). Large setup violations at the end of those stages might be difficult to fix during the post-placement implementation flow and could be the result of non-optimal XDC constraints or non-optimal design architecture
Related violations: <none>

TIMING-16#6 Warning
Large setup violation  
There is a large setup violation of -2.644 ns between mem_ex/complete_sync/flag_reg/C (clocked by clk_pll_i) and mem_ex/complete_sync/flag_sync_reg[0]/D (clocked by clk_cpu_pll). Large setup violations at the end of those stages might be difficult to fix during the post-placement implementation flow and could be the result of non-optimal XDC constraints or non-optimal design architecture
Related violations: <none>

TIMING-16#7 Warning
Large setup violation  
There is a large setup violation of -2.787 ns between mem_ex/mig1/u_mig_ddr_mig/u_ddr2_infrastructure/rstdiv0_sync_r1_reg_rep/C (clocked by clk_pll_i_1) and mem_ex/ready_sync/sync_reg_reg[0]/D (clocked by clk_cpu_pll). Large setup violations at the end of those stages might be difficult to fix during the post-placement implementation flow and could be the result of non-optimal XDC constraints or non-optimal design architecture
Related violations: <none>

TIMING-16#8 Warning
Large setup violation  
There is a large setup violation of -3.720 ns between mem_ex/data_out_reg[52]/C (clocked by clk_pll_i_1) and dequ_reg/D (clocked by clk_cpu_pll). Large setup violations at the end of those stages might be difficult to fix during the post-placement implementation flow and could be the result of non-optimal XDC constraints or non-optimal design architecture
Related violations: <none>

TIMING-56#1 Warning
Missing logically or physically excluded clock groups constraint  
Multiple clocks are user generated or auto-derived on the source pin mem_ex/mig1/u_mig_ddr_mig/u_ddr2_infrastructure/gen_mmcm.mmcm_i/CLKFBOUT but are not logically or physically exclusive with respect to one another. To have the static timing analysis match the behavior in hardware, there cannot be multiple clocks generated on the same pin and when such situation occurs, the clocks should be defined as physically or logically exclusive. The list of clocks generated on the source pin is: clk_pll_i, clk_pll_i_1
Related violations: <none>

TIMING-56#2 Warning
Missing logically or physically excluded clock groups constraint  
Multiple clocks are user generated or auto-derived on the source pin mem_ex/mig1/u_mig_ddr_mig/u_ddr2_infrastructure/plle2_i/CLKFBOUT but are not logically or physically exclusive with respect to one another. To have the static timing analysis match the behavior in hardware, there cannot be multiple clocks generated on the same pin and when such situation occurs, the clocks should be defined as physically or logically exclusive. The list of clocks generated on the source pin is: pll_clkfbout, pll_clkfbout_1
Related violations: <none>

TIMING-56#3 Warning
Missing logically or physically excluded clock groups constraint  
Multiple clocks are user generated or auto-derived on the source pin mem_ex/mig1/u_mig_ddr_mig/u_ddr2_infrastructure/plle2_i/CLKOUT0 but are not logically or physically exclusive with respect to one another. To have the static timing analysis match the behavior in hardware, there cannot be multiple clocks generated on the same pin and when such situation occurs, the clocks should be defined as physically or logically exclusive. The list of clocks generated on the source pin is: freq_refclk, freq_refclk_1
Related violations: <none>

TIMING-56#4 Warning
Missing logically or physically excluded clock groups constraint  
Multiple clocks are user generated or auto-derived on the source pin mem_ex/mig1/u_mig_ddr_mig/u_ddr2_infrastructure/plle2_i/CLKOUT1 but are not logically or physically exclusive with respect to one another. To have the static timing analysis match the behavior in hardware, there cannot be multiple clocks generated on the same pin and when such situation occurs, the clocks should be defined as physically or logically exclusive. The list of clocks generated on the source pin is: mem_refclk, mem_refclk_1
Related violations: <none>

TIMING-56#5 Warning
Missing logically or physically excluded clock groups constraint  
Multiple clocks are user generated or auto-derived on the source pin mem_ex/mig1/u_mig_ddr_mig/u_ddr2_infrastructure/plle2_i/CLKOUT2 but are not logically or physically exclusive with respect to one another. To have the static timing analysis match the behavior in hardware, there cannot be multiple clocks generated on the same pin and when such situation occurs, the clocks should be defined as physically or logically exclusive. The list of clocks generated on the source pin is: sync_pulse, sync_pulse_1
Related violations: <none>

TIMING-56#6 Warning
Missing logically or physically excluded clock groups constraint  
Multiple clocks are user generated or auto-derived on the source pin mem_ex/mig1/u_mig_ddr_mig/u_ddr2_infrastructure/plle2_i/CLKOUT3 but are not logically or physically exclusive with respect to one another. To have the static timing analysis match the behavior in hardware, there cannot be multiple clocks generated on the same pin and when such situation occurs, the clocks should be defined as physically or logically exclusive. The list of clocks generated on the source pin is: pll_clk3_out, pll_clk3_out_1
Related violations: <none>

TIMING-56#7 Warning
Missing logically or physically excluded clock groups constraint  
Multiple clocks are user generated or auto-derived on the source pin mem_ex/mig1/u_mig_ddr_mig/u_memc_ui_top_std/mem_intfc0/ddr_phy_top0/u_ddr_mc_phy_wrapper/u_ddr_mc_phy/ddr_phy_4lanes_0.u_ddr_phy_4lanes/ddr_byte_lane_A.ddr_byte_lane_A/phaser_in_gen.phaser_in/ICLK but are not logically or physically exclusive with respect to one another. To have the static timing analysis match the behavior in hardware, there cannot be multiple clocks generated on the same pin and when such situation occurs, the clocks should be defined as physically or logically exclusive. The list of clocks generated on the source pin is: u_memc_ui_top_std/mem_intfc0/ddr_phy_top0/u_ddr_mc_phy_wrapper/u_ddr_mc_phy/ddr_phy_4lanes_0.u_ddr_phy_4lanes/ddr_byte_lane_A.ddr_byte_lane_A/iserdes_clk
u_memc_ui_top_std/mem_intfc0/ddr_phy_top0/u_ddr_mc_phy_wrapper/u_ddr_mc_phy/ddr_phy_4lanes_0.u_ddr_phy_4lanes/ddr_byte_lane_A.ddr_byte_lane_A/iserdes_clk_1
Related violations: <none>

TIMING-56#8 Warning
Missing logically or physically excluded clock groups constraint  
Multiple clocks are user generated or auto-derived on the source pin mem_ex/mig1/u_mig_ddr_mig/u_memc_ui_top_std/mem_intfc0/ddr_phy_top0/u_ddr_mc_phy_wrapper/u_ddr_mc_phy/ddr_phy_4lanes_0.u_ddr_phy_4lanes/ddr_byte_lane_A.ddr_byte_lane_A/phaser_in_gen.phaser_in/ICLKDIV but are not logically or physically exclusive with respect to one another. To have the static timing analysis match the behavior in hardware, there cannot be multiple clocks generated on the same pin and when such situation occurs, the clocks should be defined as physically or logically exclusive. The list of clocks generated on the source pin is: iserdes_clkdiv, iserdes_clkdiv_2
Related violations: <none>

TIMING-56#9 Warning
Missing logically or physically excluded clock groups constraint  
Multiple clocks are user generated or auto-derived on the source pin mem_ex/mig1/u_mig_ddr_mig/u_memc_ui_top_std/mem_intfc0/ddr_phy_top0/u_ddr_mc_phy_wrapper/u_ddr_mc_phy/ddr_phy_4lanes_0.u_ddr_phy_4lanes/ddr_byte_lane_A.ddr_byte_lane_A/phaser_out/OCLK but are not logically or physically exclusive with respect to one another. To have the static timing analysis match the behavior in hardware, there cannot be multiple clocks generated on the same pin and when such situation occurs, the clocks should be defined as physically or logically exclusive. The list of clocks generated on the source pin is: oserdes_clk, oserdes_clk_4
Related violations: <none>

TIMING-56#10 Warning
Missing logically or physically excluded clock groups constraint  
Multiple clocks are user generated or auto-derived on the source pin mem_ex/mig1/u_mig_ddr_mig/u_memc_ui_top_std/mem_intfc0/ddr_phy_top0/u_ddr_mc_phy_wrapper/u_ddr_mc_phy/ddr_phy_4lanes_0.u_ddr_phy_4lanes/ddr_byte_lane_A.ddr_byte_lane_A/phaser_out/OCLKDIV but are not logically or physically exclusive with respect to one another. To have the static timing analysis match the behavior in hardware, there cannot be multiple clocks generated on the same pin and when such situation occurs, the clocks should be defined as physically or logically exclusive. The list of clocks generated on the source pin is: oserdes_clkdiv, oserdes_clkdiv_4
Related violations: <none>

TIMING-56#11 Warning
Missing logically or physically excluded clock groups constraint  
Multiple clocks are user generated or auto-derived on the source pin mem_ex/mig1/u_mig_ddr_mig/u_memc_ui_top_std/mem_intfc0/ddr_phy_top0/u_ddr_mc_phy_wrapper/u_ddr_mc_phy/ddr_phy_4lanes_0.u_ddr_phy_4lanes/ddr_byte_lane_B.ddr_byte_lane_B/phaser_out/OCLK but are not logically or physically exclusive with respect to one another. To have the static timing analysis match the behavior in hardware, there cannot be multiple clocks generated on the same pin and when such situation occurs, the clocks should be defined as physically or logically exclusive. The list of clocks generated on the source pin is: oserdes_clk_1, oserdes_clk_5
Related violations: <none>

TIMING-56#12 Warning
Missing logically or physically excluded clock groups constraint  
Multiple clocks are user generated or auto-derived on the source pin mem_ex/mig1/u_mig_ddr_mig/u_memc_ui_top_std/mem_intfc0/ddr_phy_top0/u_ddr_mc_phy_wrapper/u_ddr_mc_phy/ddr_phy_4lanes_0.u_ddr_phy_4lanes/ddr_byte_lane_B.ddr_byte_lane_B/phaser_out/OCLKDIV but are not logically or physically exclusive with respect to one another. To have the static timing analysis match the behavior in hardware, there cannot be multiple clocks generated on the same pin and when such situation occurs, the clocks should be defined as physically or logically exclusive. The list of clocks generated on the source pin is: oserdes_clkdiv_1, oserdes_clkdiv_5
Related violations: <none>

TIMING-56#13 Warning
Missing logically or physically excluded clock groups constraint  
Multiple clocks are user generated or auto-derived on the source pin mem_ex/mig1/u_mig_ddr_mig/u_memc_ui_top_std/mem_intfc0/ddr_phy_top0/u_ddr_mc_phy_wrapper/u_ddr_mc_phy/ddr_phy_4lanes_0.u_ddr_phy_4lanes/ddr_byte_lane_C.ddr_byte_lane_C/phaser_in_gen.phaser_in/ICLK but are not logically or physically exclusive with respect to one another. To have the static timing analysis match the behavior in hardware, there cannot be multiple clocks generated on the same pin and when such situation occurs, the clocks should be defined as physically or logically exclusive. The list of clocks generated on the source pin is: u_memc_ui_top_std/mem_intfc0/ddr_phy_top0/u_ddr_mc_phy_wrapper/u_ddr_mc_phy/ddr_phy_4lanes_0.u_ddr_phy_4lanes/ddr_byte_lane_C.ddr_byte_lane_C/iserdes_clk
u_memc_ui_top_std/mem_intfc0/ddr_phy_top0/u_ddr_mc_phy_wrapper/u_ddr_mc_phy/ddr_phy_4lanes_0.u_ddr_phy_4lanes/ddr_byte_lane_C.ddr_byte_lane_C/iserdes_clk_1
Related violations: <none>

TIMING-56#14 Warning
Missing logically or physically excluded clock groups constraint  
Multiple clocks are user generated or auto-derived on the source pin mem_ex/mig1/u_mig_ddr_mig/u_memc_ui_top_std/mem_intfc0/ddr_phy_top0/u_ddr_mc_phy_wrapper/u_ddr_mc_phy/ddr_phy_4lanes_0.u_ddr_phy_4lanes/ddr_byte_lane_C.ddr_byte_lane_C/phaser_in_gen.phaser_in/ICLKDIV but are not logically or physically exclusive with respect to one another. To have the static timing analysis match the behavior in hardware, there cannot be multiple clocks generated on the same pin and when such situation occurs, the clocks should be defined as physically or logically exclusive. The list of clocks generated on the source pin is: iserdes_clkdiv_1, iserdes_clkdiv_3
Related violations: <none>

TIMING-56#15 Warning
Missing logically or physically excluded clock groups constraint  
Multiple clocks are user generated or auto-derived on the source pin mem_ex/mig1/u_mig_ddr_mig/u_memc_ui_top_std/mem_intfc0/ddr_phy_top0/u_ddr_mc_phy_wrapper/u_ddr_mc_phy/ddr_phy_4lanes_0.u_ddr_phy_4lanes/ddr_byte_lane_C.ddr_byte_lane_C/phaser_out/OCLK but are not logically or physically exclusive with respect to one another. To have the static timing analysis match the behavior in hardware, there cannot be multiple clocks generated on the same pin and when such situation occurs, the clocks should be defined as physically or logically exclusive. The list of clocks generated on the source pin is: oserdes_clk_2, oserdes_clk_6
Related violations: <none>

TIMING-56#16 Warning
Missing logically or physically excluded clock groups constraint  
Multiple clocks are user generated or auto-derived on the source pin mem_ex/mig1/u_mig_ddr_mig/u_memc_ui_top_std/mem_intfc0/ddr_phy_top0/u_ddr_mc_phy_wrapper/u_ddr_mc_phy/ddr_phy_4lanes_0.u_ddr_phy_4lanes/ddr_byte_lane_C.ddr_byte_lane_C/phaser_out/OCLKDIV but are not logically or physically exclusive with respect to one another. To have the static timing analysis match the behavior in hardware, there cannot be multiple clocks generated on the same pin and when such situation occurs, the clocks should be defined as physically or logically exclusive. The list of clocks generated on the source pin is: oserdes_clkdiv_2, oserdes_clkdiv_6
Related violations: <none>

TIMING-56#17 Warning
Missing logically or physically excluded clock groups constraint  
Multiple clocks are user generated or auto-derived on the source pin mem_ex/mig1/u_mig_ddr_mig/u_memc_ui_top_std/mem_intfc0/ddr_phy_top0/u_ddr_mc_phy_wrapper/u_ddr_mc_phy/ddr_phy_4lanes_0.u_ddr_phy_4lanes/ddr_byte_lane_D.ddr_byte_lane_D/phaser_out/OCLK but are not logically or physically exclusive with respect to one another. To have the static timing analysis match the behavior in hardware, there cannot be multiple clocks generated on the same pin and when such situation occurs, the clocks should be defined as physically or logically exclusive. The list of clocks generated on the source pin is: oserdes_clk_3, oserdes_clk_7
Related violations: <none>

TIMING-56#18 Warning
Missing logically or physically excluded clock groups constraint  
Multiple clocks are user generated or auto-derived on the source pin mem_ex/mig1/u_mig_ddr_mig/u_memc_ui_top_std/mem_intfc0/ddr_phy_top0/u_ddr_mc_phy_wrapper/u_ddr_mc_phy/ddr_phy_4lanes_0.u_ddr_phy_4lanes/ddr_byte_lane_D.ddr_byte_lane_D/phaser_out/OCLKDIV but are not logically or physically exclusive with respect to one another. To have the static timing analysis match the behavior in hardware, there cannot be multiple clocks generated on the same pin and when such situation occurs, the clocks should be defined as physically or logically exclusive. The list of clocks generated on the source pin is: oserdes_clkdiv_3, oserdes_clkdiv_7
Related violations: <none>

TIMING-56#19 Warning
Missing logically or physically excluded clock groups constraint  
Multiple clocks are user generated or auto-derived on the source pin pll1/inst/mmcm_adv_inst/CLKFBOUT but are not logically or physically exclusive with respect to one another. To have the static timing analysis match the behavior in hardware, there cannot be multiple clocks generated on the same pin and when such situation occurs, the clocks should be defined as physically or logically exclusive. The list of clocks generated on the source pin is: clkfbout_pll, clkfbout_pll_1
Related violations: <none>

TIMING-56#20 Warning
Missing logically or physically excluded clock groups constraint  
Multiple clocks are user generated or auto-derived on the source pin pll1/inst/mmcm_adv_inst/CLKOUT0 but are not logically or physically exclusive with respect to one another. To have the static timing analysis match the behavior in hardware, there cannot be multiple clocks generated on the same pin and when such situation occurs, the clocks should be defined as physically or logically exclusive. The list of clocks generated on the source pin is: clk_mem_pll, clk_mem_pll_1
Related violations: <none>

TIMING-56#21 Warning
Missing logically or physically excluded clock groups constraint  
Multiple clocks are user generated or auto-derived on the source pin pll1/inst/mmcm_adv_inst/CLKOUT1 but are not logically or physically exclusive with respect to one another. To have the static timing analysis match the behavior in hardware, there cannot be multiple clocks generated on the same pin and when such situation occurs, the clocks should be defined as physically or logically exclusive. The list of clocks generated on the source pin is: clk_cpu_pll, clk_cpu_pll_1
Related violations: <none>

XDCB-5#1 Warning
Runtime inefficient way to find pin objects  
The option '-to : [get_pins -hier -include_replicated_objects -filter {NAME =~ *temp_mon_enabled.u_tempmon/device_temp_sync_r1_reg[*]/D}]' of constraint 'set_max_delay' uses inefficient query to find pin objects (see constraint position '8' in the Timing Constraint window in Vivado IDE). To reduce runtime, it is recommended to get the pins through the cell objects. Please refer to Using Constraints Guide (Constraints Efficiency). An example of optimal query is: get_pins -filter {REF_PIN_NAME=~yy*} -of_objects [get_cells -hierarchical xx*].
Current XDC: c:/Users/jwk50866/Documents/GitHub/Nexys_A7_DDR_example/DDR_example/DDR_example.gen/sources_1/ip/mig_ddr/mig_ddr/user_design/constraints/mig_ddr.xdc (Line: 344)
Related violations: <none>

REQP-1959#1 Advisory
connects_SERDES_RST_driver_not_FF  
mem_ex/mig1/u_mig_ddr_mig/u_memc_ui_top_std/mem_intfc0/ddr_phy_top0/u_ddr_mc_phy_wrapper/u_ddr_mc_phy/ddr_phy_4lanes_0.u_ddr_phy_4lanes/ddr_byte_lane_A.ddr_byte_lane_A/ddr_byte_group_io/input_[1].iserdes_dq_.iserdesdq: The RST pin should only be driven by a Flip-flop.
Related violations: <none>

REQP-1959#2 Advisory
connects_SERDES_RST_driver_not_FF  
mem_ex/mig1/u_mig_ddr_mig/u_memc_ui_top_std/mem_intfc0/ddr_phy_top0/u_ddr_mc_phy_wrapper/u_ddr_mc_phy/ddr_phy_4lanes_0.u_ddr_phy_4lanes/ddr_byte_lane_A.ddr_byte_lane_A/ddr_byte_group_io/input_[3].iserdes_dq_.iserdesdq: The RST pin should only be driven by a Flip-flop.
Related violations: <none>

REQP-1959#3 Advisory
connects_SERDES_RST_driver_not_FF  
mem_ex/mig1/u_mig_ddr_mig/u_memc_ui_top_std/mem_intfc0/ddr_phy_top0/u_ddr_mc_phy_wrapper/u_ddr_mc_phy/ddr_phy_4lanes_0.u_ddr_phy_4lanes/ddr_byte_lane_A.ddr_byte_lane_A/ddr_byte_group_io/input_[4].iserdes_dq_.iserdesdq: The RST pin should only be driven by a Flip-flop.
Related violations: <none>

REQP-1959#4 Advisory
connects_SERDES_RST_driver_not_FF  
mem_ex/mig1/u_mig_ddr_mig/u_memc_ui_top_std/mem_intfc0/ddr_phy_top0/u_ddr_mc_phy_wrapper/u_ddr_mc_phy/ddr_phy_4lanes_0.u_ddr_phy_4lanes/ddr_byte_lane_A.ddr_byte_lane_A/ddr_byte_group_io/input_[5].iserdes_dq_.iserdesdq: The RST pin should only be driven by a Flip-flop.
Related violations: <none>

REQP-1959#5 Advisory
connects_SERDES_RST_driver_not_FF  
mem_ex/mig1/u_mig_ddr_mig/u_memc_ui_top_std/mem_intfc0/ddr_phy_top0/u_ddr_mc_phy_wrapper/u_ddr_mc_phy/ddr_phy_4lanes_0.u_ddr_phy_4lanes/ddr_byte_lane_A.ddr_byte_lane_A/ddr_byte_group_io/input_[6].iserdes_dq_.iserdesdq: The RST pin should only be driven by a Flip-flop.
Related violations: <none>

REQP-1959#6 Advisory
connects_SERDES_RST_driver_not_FF  
mem_ex/mig1/u_mig_ddr_mig/u_memc_ui_top_std/mem_intfc0/ddr_phy_top0/u_ddr_mc_phy_wrapper/u_ddr_mc_phy/ddr_phy_4lanes_0.u_ddr_phy_4lanes/ddr_byte_lane_A.ddr_byte_lane_A/ddr_byte_group_io/input_[7].iserdes_dq_.iserdesdq: The RST pin should only be driven by a Flip-flop.
Related violations: <none>

REQP-1959#7 Advisory
connects_SERDES_RST_driver_not_FF  
mem_ex/mig1/u_mig_ddr_mig/u_memc_ui_top_std/mem_intfc0/ddr_phy_top0/u_ddr_mc_phy_wrapper/u_ddr_mc_phy/ddr_phy_4lanes_0.u_ddr_phy_4lanes/ddr_byte_lane_A.ddr_byte_lane_A/ddr_byte_group_io/input_[8].iserdes_dq_.iserdesdq: The RST pin should only be driven by a Flip-flop.
Related violations: <none>

REQP-1959#8 Advisory
connects_SERDES_RST_driver_not_FF  
mem_ex/mig1/u_mig_ddr_mig/u_memc_ui_top_std/mem_intfc0/ddr_phy_top0/u_ddr_mc_phy_wrapper/u_ddr_mc_phy/ddr_phy_4lanes_0.u_ddr_phy_4lanes/ddr_byte_lane_A.ddr_byte_lane_A/ddr_byte_group_io/input_[9].iserdes_dq_.iserdesdq: The RST pin should only be driven by a Flip-flop.
Related violations: <none>

REQP-1959#9 Advisory
connects_SERDES_RST_driver_not_FF  
mem_ex/mig1/u_mig_ddr_mig/u_memc_ui_top_std/mem_intfc0/ddr_phy_top0/u_ddr_mc_phy_wrapper/u_ddr_mc_phy/ddr_phy_4lanes_0.u_ddr_phy_4lanes/ddr_byte_lane_C.ddr_byte_lane_C/ddr_byte_group_io/input_[0].iserdes_dq_.iserdesdq: The RST pin should only be driven by a Flip-flop.
Related violations: <none>

REQP-1959#10 Advisory
connects_SERDES_RST_driver_not_FF  
mem_ex/mig1/u_mig_ddr_mig/u_memc_ui_top_std/mem_intfc0/ddr_phy_top0/u_ddr_mc_phy_wrapper/u_ddr_mc_phy/ddr_phy_4lanes_0.u_ddr_phy_4lanes/ddr_byte_lane_C.ddr_byte_lane_C/ddr_byte_group_io/input_[1].iserdes_dq_.iserdesdq: The RST pin should only be driven by a Flip-flop.
Related violations: <none>

REQP-1959#11 Advisory
connects_SERDES_RST_driver_not_FF  
mem_ex/mig1/u_mig_ddr_mig/u_memc_ui_top_std/mem_intfc0/ddr_phy_top0/u_ddr_mc_phy_wrapper/u_ddr_mc_phy/ddr_phy_4lanes_0.u_ddr_phy_4lanes/ddr_byte_lane_C.ddr_byte_lane_C/ddr_byte_group_io/input_[2].iserdes_dq_.iserdesdq: The RST pin should only be driven by a Flip-flop.
Related violations: <none>

REQP-1959#12 Advisory
connects_SERDES_RST_driver_not_FF  
mem_ex/mig1/u_mig_ddr_mig/u_memc_ui_top_std/mem_intfc0/ddr_phy_top0/u_ddr_mc_phy_wrapper/u_ddr_mc_phy/ddr_phy_4lanes_0.u_ddr_phy_4lanes/ddr_byte_lane_C.ddr_byte_lane_C/ddr_byte_group_io/input_[4].iserdes_dq_.iserdesdq: The RST pin should only be driven by a Flip-flop.
Related violations: <none>

REQP-1959#13 Advisory
connects_SERDES_RST_driver_not_FF  
mem_ex/mig1/u_mig_ddr_mig/u_memc_ui_top_std/mem_intfc0/ddr_phy_top0/u_ddr_mc_phy_wrapper/u_ddr_mc_phy/ddr_phy_4lanes_0.u_ddr_phy_4lanes/ddr_byte_lane_C.ddr_byte_lane_C/ddr_byte_group_io/input_[5].iserdes_dq_.iserdesdq: The RST pin should only be driven by a Flip-flop.
Related violations: <none>

REQP-1959#14 Advisory
connects_SERDES_RST_driver_not_FF  
mem_ex/mig1/u_mig_ddr_mig/u_memc_ui_top_std/mem_intfc0/ddr_phy_top0/u_ddr_mc_phy_wrapper/u_ddr_mc_phy/ddr_phy_4lanes_0.u_ddr_phy_4lanes/ddr_byte_lane_C.ddr_byte_lane_C/ddr_byte_group_io/input_[6].iserdes_dq_.iserdesdq: The RST pin should only be driven by a Flip-flop.
Related violations: <none>

REQP-1959#15 Advisory
connects_SERDES_RST_driver_not_FF  
mem_ex/mig1/u_mig_ddr_mig/u_memc_ui_top_std/mem_intfc0/ddr_phy_top0/u_ddr_mc_phy_wrapper/u_ddr_mc_phy/ddr_phy_4lanes_0.u_ddr_phy_4lanes/ddr_byte_lane_C.ddr_byte_lane_C/ddr_byte_group_io/input_[7].iserdes_dq_.iserdesdq: The RST pin should only be driven by a Flip-flop.
Related violations: <none>

REQP-1959#16 Advisory
connects_SERDES_RST_driver_not_FF  
mem_ex/mig1/u_mig_ddr_mig/u_memc_ui_top_std/mem_intfc0/ddr_phy_top0/u_ddr_mc_phy_wrapper/u_ddr_mc_phy/ddr_phy_4lanes_0.u_ddr_phy_4lanes/ddr_byte_lane_C.ddr_byte_lane_C/ddr_byte_group_io/input_[8].iserdes_dq_.iserdesdq: The RST pin should only be driven by a Flip-flop.
Related violations: <none>


