
*** Running vivado
    with args -log DDR_example_top.vdi -applog -m64 -product Vivado -messageDb vivado.pb -mode batch -source DDR_example_top.tcl -notrace



****** Vivado v2024.2.1 (64-bit)
  **** SW Build 5266912 on Sun Dec 15 09:03:24 MST 2024
  **** IP Build 5264866 on Sun Dec 15 16:27:47 MST 2024
  **** SharedData Build 5264680 on Wed Dec 11 12:48:36 MST 2024
  **** Start of session at: Fri May  2 14:42:54 2025
    ** Copyright 1986-2022 Xilinx, Inc. All Rights Reserved.
    ** Copyright 2022-2024 Advanced Micro Devices, Inc. All Rights Reserved.

Sourcing tcl script 'C:/Users/jwk50866/AppData/Roaming/Xilinx/Vivado/Vivado_init.tcl'
source DDR_example_top.tcl -notrace
WARNING: [Board 49-91] Board repository path 'C:ivado-boards-master
ewoard_files' does not exist, it will not be used to search board files.
Command: link_design -top DDR_example_top -part xc7a100tcsg324-1
Design is defaulting to srcset: sources_1
Design is defaulting to constrset: constrs_1
INFO: [Device 21-403] Loading part xc7a100tcsg324-1
INFO: [Project 1-454] Reading design checkpoint 'C:/Users/jwk50866/Documents/GitHub/Nexys_A7_DDR_example/DDR_example/DDR_example.runs/impl_1/.Xil/Vivado-22280-engr-d1450-007/pll/pll.dcp' for cell 'pll1'
INFO: [Project 1-454] Reading design checkpoint 'c:/Users/jwk50866/Documents/GitHub/Nexys_A7_DDR_example/DDR_example/DDR_example.gen/sources_1/ip/mig_ddr/mig_ddr.dcp' for cell 'mem_ex/mig1'
Netlist sorting complete. Time (s): cpu = 00:00:00 ; elapsed = 00:00:00.089 . Memory (MB): peak = 657.082 ; gain = 0.000
INFO: [Netlist 29-17] Analyzing 230 Unisim elements for replacement
INFO: [Netlist 29-28] Unisim Transformation completed in 0 CPU seconds
INFO: [Project 1-479] Netlist was created with Vivado 2024.2.1
INFO: [Project 1-570] Preparing netlist for logic optimization
Parsing XDC File [c:/Users/jwk50866/Documents/GitHub/Nexys_A7_DDR_example/DDR_example/DDR_example.srcs/ip/pll/pll_board.xdc] for cell 'pll1/inst'
Finished Parsing XDC File [c:/Users/jwk50866/Documents/GitHub/Nexys_A7_DDR_example/DDR_example/DDR_example.srcs/ip/pll/pll_board.xdc] for cell 'pll1/inst'
Parsing XDC File [c:/Users/jwk50866/Documents/GitHub/Nexys_A7_DDR_example/DDR_example/DDR_example.srcs/ip/pll/pll.xdc] for cell 'pll1/inst'
INFO: [Timing 38-35] Done setting XDC timing constraints. [c:/Users/jwk50866/Documents/GitHub/Nexys_A7_DDR_example/DDR_example/DDR_example.srcs/ip/pll/pll.xdc:54]
INFO: [Timing 38-2] Deriving generated clocks [c:/Users/jwk50866/Documents/GitHub/Nexys_A7_DDR_example/DDR_example/DDR_example.srcs/ip/pll/pll.xdc:54]
Finished Parsing XDC File [c:/Users/jwk50866/Documents/GitHub/Nexys_A7_DDR_example/DDR_example/DDR_example.srcs/ip/pll/pll.xdc] for cell 'pll1/inst'
Parsing XDC File [c:/Users/jwk50866/Documents/GitHub/Nexys_A7_DDR_example/DDR_example/DDR_example.gen/sources_1/ip/mig_ddr/mig_ddr/user_design/constraints/mig_ddr.xdc] for cell 'mem_ex/mig1'
Finished Parsing XDC File [c:/Users/jwk50866/Documents/GitHub/Nexys_A7_DDR_example/DDR_example/DDR_example.gen/sources_1/ip/mig_ddr/mig_ddr/user_design/constraints/mig_ddr.xdc] for cell 'mem_ex/mig1'
Parsing XDC File [C:/Users/jwk50866/Documents/GitHub/Nexys_A7_DDR_example/DDR_example/Nexys-4-DDR-pins.xdc]
Finished Parsing XDC File [C:/Users/jwk50866/Documents/GitHub/Nexys_A7_DDR_example/DDR_example/Nexys-4-DDR-pins.xdc]
INFO: [Opt 31-138] Pushed 0 inverter(s) to 0 load pin(s).
Netlist sorting complete. Time (s): cpu = 00:00:00 ; elapsed = 00:00:00.001 . Memory (MB): peak = 1385.012 ; gain = 0.000
INFO: [Project 1-111] Unisim Transformation Summary:
  A total of 83 instances were transformed.
  IOBUFDS_INTERMDISABLE => IOBUFDS_INTERMDISABLE (IBUFDS_INTERMDISABLE_INT(x2), INV, OBUFTDS(x2)): 2 instances
  IOBUF_INTERMDISABLE => IOBUF_INTERMDISABLE (IBUF_INTERMDISABLE, OBUFT): 16 instances
  OBUFDS => OBUFDS_DUAL_BUF (INV, OBUFDS(x2)): 1 instance 
  RAM32M => RAM32M (RAMD32(x6), RAMS32(x2)): 64 instances

11 Infos, 1 Warnings, 0 Critical Warnings and 0 Errors encountered.
link_design completed successfully
link_design: Time (s): cpu = 00:00:07 ; elapsed = 00:00:09 . Memory (MB): peak = 1385.012 ; gain = 942.492
Command: opt_design
Attempting to get a license for feature 'Implementation' and/or device 'xc7a100t'
INFO: [Common 17-349] Got license for feature 'Implementation' and/or device 'xc7a100t'
Running DRC as a precondition to command opt_design

Starting DRC Task
INFO: [DRC 23-27] Running DRC with 2 threads
INFO: [Project 1-461] DRC finished with 0 Errors
INFO: [Project 1-462] Please refer to the DRC report (report_drc) for more information.

Time (s): cpu = 00:00:02 ; elapsed = 00:00:01 . Memory (MB): peak = 1385.012 ; gain = 0.000

Starting Cache Timing Information Task
INFO: [Timing 38-35] Done setting XDC timing constraints.
INFO: [Timing 38-2] Deriving generated clocks
Ending Cache Timing Information Task | Checksum: 1fe2bcb37

Time (s): cpu = 00:00:00 ; elapsed = 00:00:00.305 . Memory (MB): peak = 1424.422 ; gain = 39.410

Starting Logic Optimization Task

Phase 1 Initialization

Phase 1.1 Core Generation And Design Setup
Phase 1.1 Core Generation And Design Setup | Checksum: 1fe2bcb37

Time (s): cpu = 00:00:00 ; elapsed = 00:00:00.006 . Memory (MB): peak = 1842.500 ; gain = 0.000

Phase 1.2 Setup Constraints And Sort Netlist
Phase 1.2 Setup Constraints And Sort Netlist | Checksum: 1fe2bcb37

Time (s): cpu = 00:00:00 ; elapsed = 00:00:00.009 . Memory (MB): peak = 1842.500 ; gain = 0.000
Phase 1 Initialization | Checksum: 1fe2bcb37

Time (s): cpu = 00:00:00 ; elapsed = 00:00:00.010 . Memory (MB): peak = 1842.500 ; gain = 0.000

Phase 2 Timer Update And Timing Data Collection

Phase 2.1 Timer Update
Phase 2.1 Timer Update | Checksum: 1fe2bcb37

Time (s): cpu = 00:00:00 ; elapsed = 00:00:00.134 . Memory (MB): peak = 1842.500 ; gain = 0.000

Phase 2.2 Timing Data Collection
Phase 2.2 Timing Data Collection | Checksum: 1fe2bcb37

Time (s): cpu = 00:00:00 ; elapsed = 00:00:00.144 . Memory (MB): peak = 1842.500 ; gain = 0.000
Phase 2 Timer Update And Timing Data Collection | Checksum: 1fe2bcb37

Time (s): cpu = 00:00:00 ; elapsed = 00:00:00.145 . Memory (MB): peak = 1842.500 ; gain = 0.000

Phase 3 Retarget
INFO: [Opt 31-1851] Number of loadless carry chains removed were: 0
INFO: [Opt 31-1834] Total Chains To Be Transformed Were: 0 AND Number of Transformed insts Created are: 0
INFO: [Opt 31-1566] Pulled 9 inverters resulting in an inversion of 74 pins
INFO: [Opt 31-138] Pushed 8 inverter(s) to 12 load pin(s).
INFO: [Opt 31-49] Retargeted 0 cell(s).
Phase 3 Retarget | Checksum: 14e5331aa

Time (s): cpu = 00:00:01 ; elapsed = 00:00:00.241 . Memory (MB): peak = 1842.500 ; gain = 0.000
Retarget | Checksum: 14e5331aa
INFO: [Opt 31-389] Phase Retarget created 8 cells and removed 59 cells
INFO: [Opt 31-1021] In phase Retarget, 20 netlist objects are constrained preventing optimization. Please run opt_design with -debug_log to get more detail. 

Phase 4 Constant propagation
INFO: [Opt 31-138] Pushed 4 inverter(s) to 12 load pin(s).
Phase 4 Constant propagation | Checksum: 13161b761

Time (s): cpu = 00:00:01 ; elapsed = 00:00:00.287 . Memory (MB): peak = 1842.500 ; gain = 0.000
Constant propagation | Checksum: 13161b761
INFO: [Opt 31-389] Phase Constant propagation created 57 cells and removed 301 cells

Phase 5 Sweep
INFO: [Constraints 18-11670] Building netlist checker database with flags, 0x8
Done building netlist checker database: Time (s): cpu = 00:00:00 ; elapsed = 00:00:00.001 . Memory (MB): peak = 1842.500 ; gain = 0.000
INFO: [Constraints 18-11670] Building netlist checker database with flags, 0x8
Done building netlist checker database: Time (s): cpu = 00:00:00 ; elapsed = 00:00:00.001 . Memory (MB): peak = 1842.500 ; gain = 0.000
Phase 5 Sweep | Checksum: 13efde469

Time (s): cpu = 00:00:01 ; elapsed = 00:00:00.343 . Memory (MB): peak = 1842.500 ; gain = 0.000
Sweep | Checksum: 13efde469
INFO: [Opt 31-389] Phase Sweep created 0 cells and removed 107 cells

Phase 6 BUFG optimization
Phase 6 BUFG optimization | Checksum: 13efde469

Time (s): cpu = 00:00:01 ; elapsed = 00:00:00.383 . Memory (MB): peak = 1842.500 ; gain = 0.000
BUFG optimization | Checksum: 13efde469
INFO: [Opt 31-662] Phase BUFG optimization created 0 cells of which 0 are BUFGs and removed 0 cells.

Phase 7 Shift Register Optimization
INFO: [Opt 31-1064] SRL Remap converted 0 SRLs to 0 registers and converted 0 registers of register chains to 0 SRLs
Phase 7 Shift Register Optimization | Checksum: 13efde469

Time (s): cpu = 00:00:01 ; elapsed = 00:00:00.389 . Memory (MB): peak = 1842.500 ; gain = 0.000
Shift Register Optimization | Checksum: 13efde469
INFO: [Opt 31-389] Phase Shift Register Optimization created 0 cells and removed 0 cells

Phase 8 Post Processing Netlist
INFO: [Opt 31-1566] Pulled 1 inverters resulting in an inversion of 5 pins
Phase 8 Post Processing Netlist | Checksum: 1526d2e8d

Time (s): cpu = 00:00:01 ; elapsed = 00:00:00.400 . Memory (MB): peak = 1842.500 ; gain = 0.000
Post Processing Netlist | Checksum: 1526d2e8d
INFO: [Opt 31-389] Phase Post Processing Netlist created 0 cells and removed 1 cells
INFO: [Opt 31-1021] In phase Post Processing Netlist, 1 netlist objects are constrained preventing optimization. Please run opt_design with -debug_log to get more detail. 

Phase 9 Finalization

Phase 9.1 Finalizing Design Cores and Updating Shapes
Phase 9.1 Finalizing Design Cores and Updating Shapes | Checksum: 11f72e882

Time (s): cpu = 00:00:01 ; elapsed = 00:00:00.482 . Memory (MB): peak = 1842.500 ; gain = 0.000

Phase 9.2 Verifying Netlist Connectivity

Starting Connectivity Check Task

Time (s): cpu = 00:00:00 ; elapsed = 00:00:00.014 . Memory (MB): peak = 1842.500 ; gain = 0.000
Phase 9.2 Verifying Netlist Connectivity | Checksum: 11f72e882

Time (s): cpu = 00:00:01 ; elapsed = 00:00:00.497 . Memory (MB): peak = 1842.500 ; gain = 0.000
Phase 9 Finalization | Checksum: 11f72e882

Time (s): cpu = 00:00:01 ; elapsed = 00:00:00.498 . Memory (MB): peak = 1842.500 ; gain = 0.000
Opt_design Change Summary
=========================


-------------------------------------------------------------------------------------------------------------------------
|  Phase                        |  #Cells created  |  #Cells Removed  |  #Constrained objects preventing optimizations  |
-------------------------------------------------------------------------------------------------------------------------
|  Retarget                     |               8  |              59  |                                             20  |
|  Constant propagation         |              57  |             301  |                                              0  |
|  Sweep                        |               0  |             107  |                                              0  |
|  BUFG optimization            |               0  |               0  |                                              0  |
|  Shift Register Optimization  |               0  |               0  |                                              0  |
|  Post Processing Netlist      |               0  |               1  |                                              1  |
-------------------------------------------------------------------------------------------------------------------------


Ending Logic Optimization Task | Checksum: 11f72e882

Time (s): cpu = 00:00:01 ; elapsed = 00:00:00.500 . Memory (MB): peak = 1842.500 ; gain = 0.000

Starting Power Optimization Task
INFO: [Pwropt 34-132] Skipping clock gating for clocks with a period < 2.00 ns.
Ending Power Optimization Task | Checksum: 11f72e882

Time (s): cpu = 00:00:00 ; elapsed = 00:00:00.009 . Memory (MB): peak = 1842.500 ; gain = 0.000

Starting Final Cleanup Task
Ending Final Cleanup Task | Checksum: 11f72e882

Time (s): cpu = 00:00:00 ; elapsed = 00:00:00.001 . Memory (MB): peak = 1842.500 ; gain = 0.000

Starting Netlist Obfuscation Task
Netlist sorting complete. Time (s): cpu = 00:00:00 ; elapsed = 00:00:00.001 . Memory (MB): peak = 1842.500 ; gain = 0.000
Ending Netlist Obfuscation Task | Checksum: 11f72e882

Time (s): cpu = 00:00:00 ; elapsed = 00:00:00.002 . Memory (MB): peak = 1842.500 ; gain = 0.000
INFO: [Common 17-83] Releasing license: Implementation
37 Infos, 1 Warnings, 0 Critical Warnings and 0 Errors encountered.
opt_design completed successfully
INFO: [Vivado 12-24828] Executing command : report_drc -file DDR_example_top_drc_opted.rpt -pb DDR_example_top_drc_opted.pb -rpx DDR_example_top_drc_opted.rpx
Command: report_drc -file DDR_example_top_drc_opted.rpt -pb DDR_example_top_drc_opted.pb -rpx DDR_example_top_drc_opted.rpx
INFO: [IP_Flow 19-1839] IP Catalog is up to date.
INFO: [DRC 23-27] Running DRC with 2 threads
INFO: [Vivado_Tcl 2-168] The results of DRC are in file C:/Users/jwk50866/Documents/GitHub/Nexys_A7_DDR_example/DDR_example/DDR_example.runs/impl_1/DDR_example_top_drc_opted.rpt.
report_drc completed successfully
INFO: [Timing 38-35] Done setting XDC timing constraints.
INFO: [Timing 38-480] Writing timing data to binary archive.
Write ShapeDB Complete: Time (s): cpu = 00:00:00 ; elapsed = 00:00:00.011 . Memory (MB): peak = 1842.500 ; gain = 0.000
Wrote PlaceDB: Time (s): cpu = 00:00:00 ; elapsed = 00:00:00.012 . Memory (MB): peak = 1842.500 ; gain = 0.000
Wrote PulsedLatchDB: Time (s): cpu = 00:00:00 ; elapsed = 00:00:00 . Memory (MB): peak = 1842.500 ; gain = 0.000
Writing XDEF routing.
Writing XDEF routing logical nets.
Writing XDEF routing special nets.
Wrote RouteStorage: Time (s): cpu = 00:00:00 ; elapsed = 00:00:00.014 . Memory (MB): peak = 1842.500 ; gain = 0.000
Wrote Netlist Cache: Time (s): cpu = 00:00:00 ; elapsed = 00:00:00.001 . Memory (MB): peak = 1842.500 ; gain = 0.000
Wrote Device Cache: Time (s): cpu = 00:00:00 ; elapsed = 00:00:00.004 . Memory (MB): peak = 1842.500 ; gain = 0.000
Write Physdb Complete: Time (s): cpu = 00:00:01 ; elapsed = 00:00:00.049 . Memory (MB): peak = 1842.500 ; gain = 0.000
INFO: [Common 17-1381] The checkpoint 'C:/Users/jwk50866/Documents/GitHub/Nexys_A7_DDR_example/DDR_example/DDR_example.runs/impl_1/DDR_example_top_opt.dcp' has been generated.
Command: place_design
Attempting to get a license for feature 'Implementation' and/or device 'xc7a100t'
INFO: [Common 17-349] Got license for feature 'Implementation' and/or device 'xc7a100t'
INFO: [Common 17-83] Releasing license: Implementation
INFO: [DRC 23-27] Running DRC with 2 threads
INFO: [Vivado_Tcl 4-198] DRC finished with 0 Errors
INFO: [Vivado_Tcl 4-199] Please refer to the DRC report (report_drc) for more information.
Running DRC as a precondition to command place_design
INFO: [DRC 23-27] Running DRC with 2 threads
INFO: [Vivado_Tcl 4-198] DRC finished with 0 Errors
INFO: [Vivado_Tcl 4-199] Please refer to the DRC report (report_drc) for more information.
INFO: [Place 30-611] Multithreading enabled for place_design using a maximum of 2 CPUs

Starting Placer Task

Phase 1 Placer Initialization

Phase 1.1 Placer Initialization Netlist Sorting
Netlist sorting complete. Time (s): cpu = 00:00:00 ; elapsed = 00:00:00.001 . Memory (MB): peak = 1842.500 ; gain = 0.000
Phase 1.1 Placer Initialization Netlist Sorting | Checksum: 11b5029cd

Time (s): cpu = 00:00:00 ; elapsed = 00:00:00.003 . Memory (MB): peak = 1842.500 ; gain = 0.000
Netlist sorting complete. Time (s): cpu = 00:00:00 ; elapsed = 00:00:00.001 . Memory (MB): peak = 1842.500 ; gain = 0.000

Phase 1.2 IO Placement/ Clock Placement/ Build Placer Device
Phase 1.2 IO Placement/ Clock Placement/ Build Placer Device | Checksum: 24945d8b0

Time (s): cpu = 00:00:00 ; elapsed = 00:00:00.238 . Memory (MB): peak = 1842.500 ; gain = 0.000

Phase 1.3 Build Placer Netlist Model
Phase 1.3 Build Placer Netlist Model | Checksum: 2ab03de76

Time (s): cpu = 00:00:01 ; elapsed = 00:00:00.881 . Memory (MB): peak = 1842.500 ; gain = 0.000

Phase 1.4 Constrain Clocks/Macros
Phase 1.4 Constrain Clocks/Macros | Checksum: 2ab03de76

Time (s): cpu = 00:00:01 ; elapsed = 00:00:00.887 . Memory (MB): peak = 1842.500 ; gain = 0.000
Phase 1 Placer Initialization | Checksum: 2ab03de76

Time (s): cpu = 00:00:01 ; elapsed = 00:00:00.894 . Memory (MB): peak = 1842.500 ; gain = 0.000

Phase 2 Global Placement

Phase 2.1 Floorplanning
Phase 2.1 Floorplanning | Checksum: 2554ec81e

Time (s): cpu = 00:00:02 ; elapsed = 00:00:01 . Memory (MB): peak = 1842.500 ; gain = 0.000

Phase 2.2 Update Timing before SLR Path Opt
Phase 2.2 Update Timing before SLR Path Opt | Checksum: 301605755

Time (s): cpu = 00:00:02 ; elapsed = 00:00:01 . Memory (MB): peak = 1842.500 ; gain = 0.000

Phase 2.3 Post-Processing in Floorplanning
Phase 2.3 Post-Processing in Floorplanning | Checksum: 301605755

Time (s): cpu = 00:00:02 ; elapsed = 00:00:01 . Memory (MB): peak = 1842.500 ; gain = 0.000

Phase 2.4 Global Place Phase1
Phase 2.4 Global Place Phase1 | Checksum: 24bb0f07f

Time (s): cpu = 00:00:04 ; elapsed = 00:00:03 . Memory (MB): peak = 1842.500 ; gain = 0.000

Phase 2.5 Global Place Phase2

Phase 2.5.1 UpdateTiming Before Physical Synthesis
Phase 2.5.1 UpdateTiming Before Physical Synthesis | Checksum: 28de80447

Time (s): cpu = 00:00:05 ; elapsed = 00:00:03 . Memory (MB): peak = 1842.500 ; gain = 0.000

Phase 2.5.2 Physical Synthesis In Placer
INFO: [Physopt 32-1035] Found 0 LUTNM shape to break, 322 LUT instances to create LUTNM shape
INFO: [Physopt 32-1044] Break lutnm for timing: one critical 0, two critical 0, total 0, new lutff created 0
INFO: [Physopt 32-1138] End 1 Pass. Optimized 147 nets or LUTs. Breaked 0 LUT, combined 147 existing LUTs and moved 0 existing LUT
INFO: [Physopt 32-65] No nets found for high-fanout optimization.
INFO: [Physopt 32-232] Optimized 0 net. Created 0 new instance.
INFO: [Physopt 32-775] End 1 Pass. Optimized 0 net or cell. Created 0 new cell, deleted 0 existing cell and moved 0 existing cell
INFO: [Physopt 32-456] No candidate cells for DSP register optimization found in the design.
INFO: [Physopt 32-775] End 2 Pass. Optimized 0 net or cell. Created 0 new cell, deleted 0 existing cell and moved 0 existing cell
INFO: [Physopt 32-1123] No candidate cells found for Shift Register to Pipeline optimization
INFO: [Physopt 32-775] End 2 Pass. Optimized 0 net or cell. Created 0 new cell, deleted 0 existing cell and moved 0 existing cell
INFO: [Physopt 32-1401] No candidate cells found for Shift Register optimization.
INFO: [Physopt 32-677] No candidate cells for Shift Register optimization found in the design
INFO: [Physopt 32-775] End 1 Pass. Optimized 0 net or cell. Created 0 new cell, deleted 0 existing cell and moved 0 existing cell
INFO: [Physopt 32-526] No candidate cells for BRAM register optimization found in the design
INFO: [Physopt 32-775] End 1 Pass. Optimized 0 net or cell. Created 0 new cell, deleted 0 existing cell and moved 0 existing cell
INFO: [Physopt 32-846] No candidate cells for URAM register optimization found in the design
INFO: [Physopt 32-775] End 1 Pass. Optimized 0 net or cell. Created 0 new cell, deleted 0 existing cell and moved 0 existing cell
INFO: [Physopt 32-846] No candidate cells for URAM register optimization found in the design
INFO: [Physopt 32-775] End 1 Pass. Optimized 0 net or cell. Created 0 new cell, deleted 0 existing cell and moved 0 existing cell
INFO: [Physopt 32-949] No candidate nets found for dynamic/static region interface net replication
INFO: [Physopt 32-775] End 1 Pass. Optimized 0 net or cell. Created 0 new cell, deleted 0 existing cell and moved 0 existing cell
Netlist sorting complete. Time (s): cpu = 00:00:00 ; elapsed = 00:00:00.001 . Memory (MB): peak = 1842.500 ; gain = 0.000

Summary of Physical Synthesis Optimizations
============================================


-----------------------------------------------------------------------------------------------------------------------------------------------------------
|  Optimization                                     |  Added Cells  |  Removed Cells  |  Optimized Cells/Nets  |  Dont Touch  |  Iterations  |  Elapsed   |
-----------------------------------------------------------------------------------------------------------------------------------------------------------
|  LUT Combining                                    |            0  |            147  |                   147  |           0  |           1  |  00:00:00  |
|  Retime                                           |            0  |              0  |                     0  |           0  |           1  |  00:00:00  |
|  Very High Fanout                                 |            0  |              0  |                     0  |           0  |           1  |  00:00:00  |
|  DSP Register                                     |            0  |              0  |                     0  |           0  |           1  |  00:00:00  |
|  Shift Register to Pipeline                       |            0  |              0  |                     0  |           0  |           1  |  00:00:00  |
|  Shift Register                                   |            0  |              0  |                     0  |           0  |           1  |  00:00:00  |
|  BRAM Register                                    |            0  |              0  |                     0  |           0  |           1  |  00:00:00  |
|  URAM Register                                    |            0  |              0  |                     0  |           0  |           1  |  00:00:00  |
|  Dynamic/Static Region Interface Net Replication  |            0  |              0  |                     0  |           0  |           1  |  00:00:00  |
|  Total                                            |            0  |            147  |                   147  |           0  |           9  |  00:00:00  |
-----------------------------------------------------------------------------------------------------------------------------------------------------------


Phase 2.5.2 Physical Synthesis In Placer | Checksum: 21de8bf17

Time (s): cpu = 00:00:05 ; elapsed = 00:00:03 . Memory (MB): peak = 1842.500 ; gain = 0.000
Phase 2.5 Global Place Phase2 | Checksum: 21cd94a24

Time (s): cpu = 00:00:06 ; elapsed = 00:00:03 . Memory (MB): peak = 1842.500 ; gain = 0.000
Phase 2 Global Placement | Checksum: 21cd94a24

Time (s): cpu = 00:00:06 ; elapsed = 00:00:03 . Memory (MB): peak = 1842.500 ; gain = 0.000

Phase 3 Detail Placement

Phase 3.1 Commit Multi Column Macros
Phase 3.1 Commit Multi Column Macros | Checksum: 20baba8cd

Time (s): cpu = 00:00:06 ; elapsed = 00:00:03 . Memory (MB): peak = 1842.500 ; gain = 0.000

Phase 3.2 Commit Most Macros & LUTRAMs
Phase 3.2 Commit Most Macros & LUTRAMs | Checksum: 180ee709d

Time (s): cpu = 00:00:06 ; elapsed = 00:00:04 . Memory (MB): peak = 1842.500 ; gain = 0.000

Phase 3.3 Area Swap Optimization
Phase 3.3 Area Swap Optimization | Checksum: 1c00bdc53

Time (s): cpu = 00:00:06 ; elapsed = 00:00:04 . Memory (MB): peak = 1842.500 ; gain = 0.000

Phase 3.4 Pipeline Register Optimization
Phase 3.4 Pipeline Register Optimization | Checksum: 2625d4f0c

Time (s): cpu = 00:00:06 ; elapsed = 00:00:04 . Memory (MB): peak = 1842.500 ; gain = 0.000

Phase 3.5 Fast Optimization
Phase 3.5 Fast Optimization | Checksum: 1e4dc20bf

Time (s): cpu = 00:00:07 ; elapsed = 00:00:04 . Memory (MB): peak = 1842.500 ; gain = 0.000

Phase 3.6 Small Shape Detail Placement
Phase 3.6 Small Shape Detail Placement | Checksum: 234022d88

Time (s): cpu = 00:00:08 ; elapsed = 00:00:05 . Memory (MB): peak = 1842.500 ; gain = 0.000

Phase 3.7 Re-assign LUT pins
Phase 3.7 Re-assign LUT pins | Checksum: 29b0dff14

Time (s): cpu = 00:00:08 ; elapsed = 00:00:05 . Memory (MB): peak = 1842.500 ; gain = 0.000

Phase 3.8 Pipeline Register Optimization
Phase 3.8 Pipeline Register Optimization | Checksum: 1cff43d5b

Time (s): cpu = 00:00:08 ; elapsed = 00:00:05 . Memory (MB): peak = 1842.500 ; gain = 0.000

Phase 3.9 Fast Optimization
Phase 3.9 Fast Optimization | Checksum: 1a9276c1f

Time (s): cpu = 00:00:09 ; elapsed = 00:00:06 . Memory (MB): peak = 1842.500 ; gain = 0.000
Phase 3 Detail Placement | Checksum: 1a9276c1f

Time (s): cpu = 00:00:09 ; elapsed = 00:00:06 . Memory (MB): peak = 1842.500 ; gain = 0.000

Phase 4 Post Placement Optimization and Clean-Up

Phase 4.1 Post Commit Optimization
INFO: [Timing 38-35] Done setting XDC timing constraints.

Phase 4.1.1 Post Placement Optimization
Post Placement Optimization Initialization | Checksum: 1e8cc249b

Phase 4.1.1.1 BUFG Insertion

Starting Physical Synthesis Task

Phase 1 Physical Synthesis Initialization
INFO: [Physopt 32-721] Multithreading enabled for phys_opt_design using a maximum of 2 CPUs
INFO: [Physopt 32-619] Estimated Timing Summary | WNS=-4.179 | TNS=-9.920 |
Phase 1 Physical Synthesis Initialization | Checksum: 131730d83

Time (s): cpu = 00:00:01 ; elapsed = 00:00:00.165 . Memory (MB): peak = 1859.027 ; gain = 0.000
INFO: [Place 46-56] BUFG insertion identified 0 candidate nets. Inserted BUFG: 0, Replicated BUFG Driver: 0, Skipped due to Placement/Routing Conflicts: 0, Skipped due to Timing Degradation: 0, Skipped due to netlist editing failed: 0.
Ending Physical Synthesis Task | Checksum: 1a603c4f1

Time (s): cpu = 00:00:01 ; elapsed = 00:00:00.181 . Memory (MB): peak = 1859.027 ; gain = 0.000
Phase 4.1.1.1 BUFG Insertion | Checksum: 1e8cc249b

Time (s): cpu = 00:00:11 ; elapsed = 00:00:07 . Memory (MB): peak = 1859.027 ; gain = 16.527

Phase 4.1.1.2 Post Placement Timing Optimization
INFO: [Place 30-746] Post Placement Timing Summary WNS=-3.789. For the most accurate timing information please run report_timing.
Phase 4.1.1.2 Post Placement Timing Optimization | Checksum: 27651d706

Time (s): cpu = 00:00:13 ; elapsed = 00:00:08 . Memory (MB): peak = 1859.027 ; gain = 16.527

Time (s): cpu = 00:00:13 ; elapsed = 00:00:08 . Memory (MB): peak = 1859.027 ; gain = 16.527
Phase 4.1 Post Commit Optimization | Checksum: 27651d706

Time (s): cpu = 00:00:13 ; elapsed = 00:00:08 . Memory (MB): peak = 1859.027 ; gain = 16.527

Phase 4.2 Post Placement Cleanup
Phase 4.2 Post Placement Cleanup | Checksum: 27651d706

Time (s): cpu = 00:00:13 ; elapsed = 00:00:08 . Memory (MB): peak = 1859.027 ; gain = 16.527

Phase 4.3 Placer Reporting

Phase 4.3.1 Print Estimated Congestion
INFO: [Place 30-612] Post-Placement Estimated Congestion 
 ____________________________________________________
|           | Global Congestion | Short Congestion  |
| Direction | Region Size       | Region Size       |
|___________|___________________|___________________|
|      North|                1x1|                1x1|
|___________|___________________|___________________|
|      South|                1x1|                2x2|
|___________|___________________|___________________|
|       East|                1x1|                1x1|
|___________|___________________|___________________|
|       West|                1x1|                1x1|
|___________|___________________|___________________|

Phase 4.3.1 Print Estimated Congestion | Checksum: 27651d706

Time (s): cpu = 00:00:13 ; elapsed = 00:00:08 . Memory (MB): peak = 1859.027 ; gain = 16.527
Phase 4.3 Placer Reporting | Checksum: 27651d706

Time (s): cpu = 00:00:13 ; elapsed = 00:00:08 . Memory (MB): peak = 1859.027 ; gain = 16.527

Phase 4.4 Final Placement Cleanup
Netlist sorting complete. Time (s): cpu = 00:00:00 ; elapsed = 00:00:00.001 . Memory (MB): peak = 1859.027 ; gain = 0.000

Time (s): cpu = 00:00:13 ; elapsed = 00:00:08 . Memory (MB): peak = 1859.027 ; gain = 16.527
Phase 4 Post Placement Optimization and Clean-Up | Checksum: 230e305bf

Time (s): cpu = 00:00:13 ; elapsed = 00:00:08 . Memory (MB): peak = 1859.027 ; gain = 16.527
Ending Placer Task | Checksum: 2125e819a

Time (s): cpu = 00:00:13 ; elapsed = 00:00:08 . Memory (MB): peak = 1859.027 ; gain = 16.527
80 Infos, 1 Warnings, 0 Critical Warnings and 0 Errors encountered.
place_design completed successfully
place_design: Time (s): cpu = 00:00:16 ; elapsed = 00:00:10 . Memory (MB): peak = 1859.027 ; gain = 16.527
INFO: [Vivado 12-24838] Running report commands "report_control_sets, report_io, report_utilization" in parallel.
Running report generation with 2 threads.
INFO: [Vivado 12-24828] Executing command : report_io -file DDR_example_top_io_placed.rpt
report_io: Time (s): cpu = 00:00:00 ; elapsed = 00:00:00.044 . Memory (MB): peak = 1859.027 ; gain = 0.000
INFO: [Vivado 12-24828] Executing command : report_utilization -file DDR_example_top_utilization_placed.rpt -pb DDR_example_top_utilization_placed.pb
INFO: [Vivado 12-24828] Executing command : report_control_sets -verbose -file DDR_example_top_control_sets_placed.rpt
report_control_sets: Time (s): cpu = 00:00:00 ; elapsed = 00:00:00.019 . Memory (MB): peak = 1859.027 ; gain = 0.000
INFO: [Timing 38-480] Writing timing data to binary archive.
Write ShapeDB Complete: Time (s): cpu = 00:00:00 ; elapsed = 00:00:00.011 . Memory (MB): peak = 1859.613 ; gain = 0.020
Wrote PlaceDB: Time (s): cpu = 00:00:00 ; elapsed = 00:00:00.227 . Memory (MB): peak = 1861.570 ; gain = 1.957
Wrote PulsedLatchDB: Time (s): cpu = 00:00:00 ; elapsed = 00:00:00 . Memory (MB): peak = 1861.570 ; gain = 0.000
Writing XDEF routing.
Writing XDEF routing logical nets.
Writing XDEF routing special nets.
Wrote RouteStorage: Time (s): cpu = 00:00:00 ; elapsed = 00:00:00.012 . Memory (MB): peak = 1861.570 ; gain = 0.000
Wrote Netlist Cache: Time (s): cpu = 00:00:00 ; elapsed = 00:00:00.005 . Memory (MB): peak = 1861.570 ; gain = 0.000
Wrote Device Cache: Time (s): cpu = 00:00:00 ; elapsed = 00:00:00.003 . Memory (MB): peak = 1861.570 ; gain = 0.000
Write Physdb Complete: Time (s): cpu = 00:00:00 ; elapsed = 00:00:00.267 . Memory (MB): peak = 1861.570 ; gain = 1.957
INFO: [Common 17-1381] The checkpoint 'C:/Users/jwk50866/Documents/GitHub/Nexys_A7_DDR_example/DDR_example/DDR_example.runs/impl_1/DDR_example_top_placed.dcp' has been generated.
Command: phys_opt_design
Attempting to get a license for feature 'Implementation' and/or device 'xc7a100t'
INFO: [Common 17-349] Got license for feature 'Implementation' and/or device 'xc7a100t'

Starting Initial Update Timing Task

Time (s): cpu = 00:00:01 ; elapsed = 00:00:00.536 . Memory (MB): peak = 1874.113 ; gain = 12.543
INFO: [Vivado_Tcl 4-1435] PhysOpt_Tcl_Interface Runtime Before Starting Physical Synthesis Task | CPU: 1.00s |  WALL: 0.55s
Netlist sorting complete. Time (s): cpu = 00:00:00 ; elapsed = 00:00:00.001 . Memory (MB): peak = 1874.113 ; gain = 0.000

Starting Physical Synthesis Task

Phase 1 Physical Synthesis Initialization
INFO: [Physopt 32-721] Multithreading enabled for phys_opt_design using a maximum of 2 CPUs
INFO: [Physopt 32-619] Estimated Timing Summary | WNS=-3.789 | TNS=-9.427 |
Phase 1 Physical Synthesis Initialization | Checksum: c39642a9

Time (s): cpu = 00:00:00 ; elapsed = 00:00:00.268 . Memory (MB): peak = 1874.121 ; gain = 0.008
INFO: [Physopt 32-619] Estimated Timing Summary | WNS=-3.789 | TNS=-9.427 |

Phase 2 DSP Register Optimization
INFO: [Physopt 32-456] No candidate cells for DSP register optimization found in the design.
INFO: [Physopt 32-775] End 2 Pass. Optimized 0 net or cell. Created 0 new cell, deleted 0 existing cell and moved 0 existing cell
Phase 2 DSP Register Optimization | Checksum: c39642a9

Time (s): cpu = 00:00:00 ; elapsed = 00:00:00.278 . Memory (MB): peak = 1874.121 ; gain = 0.008

Phase 3 Critical Path Optimization
INFO: [Physopt 32-619] Estimated Timing Summary | WNS=-3.789 | TNS=-9.427 |
INFO: [Physopt 32-702] Processed net led_OBUF[0]. Optimizations did not improve timing on the net.
INFO: [Physopt 32-702] Processed net mem_ex/mig1/u_mig_ddr_mig/u_ddr2_infrastructure/clk_pll_i. Optimizations did not improve timing on the net.
INFO: [Physopt 32-702] Processed net mem_ex/dequ_reg_i_3_n_0. Optimizations did not improve timing on the net.
INFO: [Physopt 32-702] Processed net mem_ex/dequ_i_8_n_0. Optimizations did not improve timing on the net.
INFO: [Physopt 32-702] Processed net mem_ex/O25. Optimizations did not improve timing on the net.
INFO: [Physopt 32-702] Processed net mem_ex/p_1_in[4]. Optimizations did not improve timing on the net.
INFO: [Physopt 32-702] Processed net led_OBUF[0]. Optimizations did not improve timing on the net.
INFO: [Physopt 32-702] Processed net mem_ex/mig1/u_mig_ddr_mig/u_ddr2_infrastructure/clk_pll_i. Optimizations did not improve timing on the net.
INFO: [Physopt 32-702] Processed net mem_ex/dequ_i_8_n_0. Optimizations did not improve timing on the net.
INFO: [Physopt 32-702] Processed net mem_ex/O25. Optimizations did not improve timing on the net.
INFO: [Physopt 32-702] Processed net mem_ex/p_1_in[4]. Optimizations did not improve timing on the net.
INFO: [Physopt 32-619] Estimated Timing Summary | WNS=-3.789 | TNS=-9.427 |
Netlist sorting complete. Time (s): cpu = 00:00:00 ; elapsed = 00:00:00.001 . Memory (MB): peak = 1874.121 ; gain = 0.000
Phase 3 Critical Path Optimization | Checksum: c39642a9

Time (s): cpu = 00:00:01 ; elapsed = 00:00:00.383 . Memory (MB): peak = 1874.121 ; gain = 0.008
Netlist sorting complete. Time (s): cpu = 00:00:00 ; elapsed = 00:00:00.001 . Memory (MB): peak = 1874.121 ; gain = 0.000
INFO: [Physopt 32-603] Post Physical Optimization Timing Summary | WNS=-3.789 | TNS=-9.427 |

Summary of Physical Synthesis Optimizations
============================================


-------------------------------------------------------------------------------------------------------------------------------------------------------------
|  Optimization   |  WNS Gain (ns)  |  TNS Gain (ns)  |  Added Cells  |  Removed Cells  |  Optimized Cells/Nets  |  Dont Touch  |  Iterations  |  Elapsed   |
-------------------------------------------------------------------------------------------------------------------------------------------------------------
|  DSP Register   |          0.000  |          0.000  |            0  |              0  |                     0  |           0  |           1  |  00:00:00  |
|  Critical Path  |          0.000  |          0.000  |            0  |              0  |                     0  |           0  |           1  |  00:00:00  |
|  Total          |          0.000  |          0.000  |            0  |              0  |                     0  |           0  |           2  |  00:00:00  |
-------------------------------------------------------------------------------------------------------------------------------------------------------------


Netlist sorting complete. Time (s): cpu = 00:00:00 ; elapsed = 00:00:00.001 . Memory (MB): peak = 1874.121 ; gain = 0.000
Ending Physical Synthesis Task | Checksum: 19f3a7bd5

Time (s): cpu = 00:00:01 ; elapsed = 00:00:00.405 . Memory (MB): peak = 1874.121 ; gain = 0.008
INFO: [Common 17-83] Releasing license: Implementation
108 Infos, 1 Warnings, 0 Critical Warnings and 0 Errors encountered.
phys_opt_design completed successfully
INFO: [Timing 38-480] Writing timing data to binary archive.
Write ShapeDB Complete: Time (s): cpu = 00:00:00 ; elapsed = 00:00:00.010 . Memory (MB): peak = 1892.012 ; gain = 0.000
Wrote PlaceDB: Time (s): cpu = 00:00:00 ; elapsed = 00:00:00.224 . Memory (MB): peak = 1893.906 ; gain = 1.895
Wrote PulsedLatchDB: Time (s): cpu = 00:00:00 ; elapsed = 00:00:00 . Memory (MB): peak = 1893.906 ; gain = 0.000
Writing XDEF routing.
Writing XDEF routing logical nets.
Writing XDEF routing special nets.
Wrote RouteStorage: Time (s): cpu = 00:00:00 ; elapsed = 00:00:00.013 . Memory (MB): peak = 1893.906 ; gain = 0.000
Wrote Netlist Cache: Time (s): cpu = 00:00:00 ; elapsed = 00:00:00.005 . Memory (MB): peak = 1893.906 ; gain = 0.000
Wrote Device Cache: Time (s): cpu = 00:00:00 ; elapsed = 00:00:00.003 . Memory (MB): peak = 1893.906 ; gain = 0.000
Write Physdb Complete: Time (s): cpu = 00:00:00 ; elapsed = 00:00:00.266 . Memory (MB): peak = 1893.906 ; gain = 1.895
INFO: [Common 17-1381] The checkpoint 'C:/Users/jwk50866/Documents/GitHub/Nexys_A7_DDR_example/DDR_example/DDR_example.runs/impl_1/DDR_example_top_physopt.dcp' has been generated.
Command: route_design
Attempting to get a license for feature 'Implementation' and/or device 'xc7a100t'
INFO: [Common 17-349] Got license for feature 'Implementation' and/or device 'xc7a100t'


Starting Routing Task
INFO: [Route 35-254] Multithreading enabled for route_design using a maximum of 2 CPUs

Phase 1 Build RT Design
Checksum: PlaceDB: bf95c2dc ConstDB: 0 ShapeSum: 29af9aae RouteDB: b1d25f96
Post Restoration Checksum: NetGraph: 74a6cab0 | NumContArr: 9c304b96 | Constraints: c2a8fa9d | Timing: c2a8fa9d
Phase 1 Build RT Design | Checksum: 296290b80

Time (s): cpu = 00:00:20 ; elapsed = 00:00:18 . Memory (MB): peak = 2034.965 ; gain = 141.059

Phase 2 Router Initialization

Phase 2.1 Fix Topology Constraints
Phase 2.1 Fix Topology Constraints | Checksum: 296290b80

Time (s): cpu = 00:00:20 ; elapsed = 00:00:18 . Memory (MB): peak = 2034.965 ; gain = 141.059

Phase 2.2 Pre Route Cleanup
Phase 2.2 Pre Route Cleanup | Checksum: 296290b80

Time (s): cpu = 00:00:20 ; elapsed = 00:00:18 . Memory (MB): peak = 2034.965 ; gain = 141.059
 Number of Nodes with overlaps = 0

Phase 2.3 Update Timing
Phase 2.3 Update Timing | Checksum: 286dcf5a2

Time (s): cpu = 00:00:23 ; elapsed = 00:00:20 . Memory (MB): peak = 2077.766 ; gain = 183.859
INFO: [Route 35-416] Intermediate Timing Summary | WNS=-3.723 | TNS=-9.124 | WHS=-1.329 | THS=-306.296|


Router Utilization Summary
  Global Vertical Routing Utilization    = 0 %
  Global Horizontal Routing Utilization  = 0 %
  Routable Net Status*
  *Does not include unroutable nets such as driverless and loadless.
  Run report_route_status for detailed report.
  Number of Failed Nets               = 5233
    (Failed Nets is the sum of unrouted and partially routed nets)
  Number of Unrouted Nets             = 5233
  Number of Partially Routed Nets     = 0
  Number of Node Overlaps             = 0

Phase 2 Router Initialization | Checksum: 2d203c6c9

Time (s): cpu = 00:00:24 ; elapsed = 00:00:21 . Memory (MB): peak = 2077.766 ; gain = 183.859

Phase 3 Global Routing
Phase 3 Global Routing | Checksum: 2d203c6c9

Time (s): cpu = 00:00:24 ; elapsed = 00:00:21 . Memory (MB): peak = 2077.766 ; gain = 183.859

Phase 4 Initial Routing

Phase 4.1 Initial Net Routing Pass
Phase 4.1 Initial Net Routing Pass | Checksum: 255a21ecd

Time (s): cpu = 00:00:26 ; elapsed = 00:00:22 . Memory (MB): peak = 2099.445 ; gain = 205.539
Phase 4 Initial Routing | Checksum: 255a21ecd

Time (s): cpu = 00:00:26 ; elapsed = 00:00:22 . Memory (MB): peak = 2099.445 ; gain = 205.539
INFO: [Route 35-580] Design has 5 pins with tight setup and hold constraints.

The top 5 pins with tight setup and hold constraints:

+====================+===================+===================================+
| Launch Setup Clock | Launch Hold Clock | Pin                               |
+====================+===================+===================================+
| clk_cpu_pll        | clk_cpu_pll       | mem_ex/mem_wdf_mask_reg[7]/D      |
| clk_cpu_pll        | clk_cpu_pll       | mem_ex/ws_sync/flag_sync_reg[0]/D |
| clk_cpu_pll        | clk_cpu_pll       | mem_ex/mem_wdf_data_reg[63]/D     |
| clk_cpu_pll        | clk_cpu_pll       | mem_ex/rs_sync/flag_sync_reg[0]/D |
| clk_cpu_pll        | clk_cpu_pll       | mem_ex/mem_wdf_data_reg[15]/D     |
+--------------------+-------------------+-----------------------------------+

File with complete list of pins: tight_setup_hold_pins.txt


Phase 5 Rip-up And Reroute

Phase 5.1 Global Iteration 0
 Number of Nodes with overlaps = 606
 Number of Nodes with overlaps = 90
 Number of Nodes with overlaps = 24
 Number of Nodes with overlaps = 7
 Number of Nodes with overlaps = 2
 Number of Nodes with overlaps = 1
 Number of Nodes with overlaps = 0
INFO: [Route 35-416] Intermediate Timing Summary | WNS=-3.721 | TNS=-14.144| WHS=N/A    | THS=N/A    |

Phase 5.1 Global Iteration 0 | Checksum: 1f836aae7

Time (s): cpu = 00:00:30 ; elapsed = 00:00:25 . Memory (MB): peak = 2114.363 ; gain = 220.457

Phase 5.2 Global Iteration 1
 Number of Nodes with overlaps = 2
 Number of Nodes with overlaps = 0
INFO: [Route 35-416] Intermediate Timing Summary | WNS=-3.966 | TNS=-14.228| WHS=N/A    | THS=N/A    |

Phase 5.2 Global Iteration 1 | Checksum: 260884e82

Time (s): cpu = 00:00:30 ; elapsed = 00:00:25 . Memory (MB): peak = 2114.363 ; gain = 220.457
Phase 5 Rip-up And Reroute | Checksum: 260884e82

Time (s): cpu = 00:00:30 ; elapsed = 00:00:25 . Memory (MB): peak = 2114.363 ; gain = 220.457

Phase 6 Delay and Skew Optimization

Phase 6.1 Delay CleanUp

Phase 6.1.1 Update Timing
Phase 6.1.1 Update Timing | Checksum: 285cce9c4

Time (s): cpu = 00:00:31 ; elapsed = 00:00:25 . Memory (MB): peak = 2114.363 ; gain = 220.457
INFO: [Route 35-416] Intermediate Timing Summary | WNS=-3.721 | TNS=-14.144| WHS=N/A    | THS=N/A    |

 Number of Nodes with overlaps = 0
Phase 6.1 Delay CleanUp | Checksum: 270609894

Time (s): cpu = 00:00:31 ; elapsed = 00:00:26 . Memory (MB): peak = 2114.363 ; gain = 220.457

Phase 6.2 Clock Skew Optimization
Phase 6.2 Clock Skew Optimization | Checksum: 270609894

Time (s): cpu = 00:00:31 ; elapsed = 00:00:26 . Memory (MB): peak = 2114.363 ; gain = 220.457
Phase 6 Delay and Skew Optimization | Checksum: 270609894

Time (s): cpu = 00:00:32 ; elapsed = 00:00:26 . Memory (MB): peak = 2114.363 ; gain = 220.457

Phase 7 Post Hold Fix

Phase 7.1 Hold Fix Iter
INFO: [Route 35-416] Intermediate Timing Summary | WNS=-3.721 | TNS=-14.016| WHS=-0.019 | THS=-0.035 |

Phase 7.1 Hold Fix Iter | Checksum: 1b377ce2c

Time (s): cpu = 00:00:33 ; elapsed = 00:00:26 . Memory (MB): peak = 2114.363 ; gain = 220.457

Phase 7.2 Non Free Resource Hold Fix Iter
Phase 7.2 Non Free Resource Hold Fix Iter | Checksum: 1ea78a111

Time (s): cpu = 00:00:33 ; elapsed = 00:00:26 . Memory (MB): peak = 2114.363 ; gain = 220.457
WARNING: [Route 35-468] The router encountered 6 pins that are both setup-critical and hold-critical and tried to fix hold violations at the expense of setup slack. Such pins are:
	mem_ex/rs_sync/flag_sync_reg[0]/D
	mem_ex/ws_sync/flag_sync_reg[0]/D
	mem_ex/mem_wdf_mask[7]_i_1/I0
	mem_ex/mem_wdf_data[63]_i_2/I2
	mem_ex/mem_wdf_data[15]_i_1/I0
	mem_ex/mem_wdf_data[63]_i_2/I1

Phase 7 Post Hold Fix | Checksum: 1ea78a111

Time (s): cpu = 00:00:33 ; elapsed = 00:00:26 . Memory (MB): peak = 2114.363 ; gain = 220.457

Phase 8 Route finalize

Router Utilization Summary
  Global Vertical Routing Utilization    = 0.750185 %
  Global Horizontal Routing Utilization  = 0.896988 %
  Routable Net Status*
  *Does not include unroutable nets such as driverless and loadless.
  Run report_route_status for detailed report.
  Number of Failed Nets               = 0
    (Failed Nets is the sum of unrouted and partially routed nets)
  Number of Unrouted Nets             = 0
  Number of Partially Routed Nets     = 0
  Number of Node Overlaps             = 0


--GLOBAL Congestion:
Utilization threshold used for congestion level computation: 0.85
Congestion Report
North Dir 1x1 Area, Max Cong = 46.8468%, No Congested Regions.
South Dir 1x1 Area, Max Cong = 35.1351%, No Congested Regions.
East Dir 1x1 Area, Max Cong = 54.4118%, No Congested Regions.
West Dir 1x1 Area, Max Cong = 44.1176%, No Congested Regions.

------------------------------
Reporting congestion hotspots
------------------------------
Direction: North
----------------
Congested clusters found at Level 0
Effective congestion level: 0 Aspect Ratio: 1 Sparse Ratio: 0
Direction: South
----------------
Congested clusters found at Level 0
Effective congestion level: 0 Aspect Ratio: 1 Sparse Ratio: 0
Direction: East
----------------
Congested clusters found at Level 0
Effective congestion level: 0 Aspect Ratio: 1 Sparse Ratio: 0
Direction: West
----------------
Congested clusters found at Level 0
Effective congestion level: 0 Aspect Ratio: 1 Sparse Ratio: 0

Phase 8 Route finalize | Checksum: 1ea78a111

Time (s): cpu = 00:00:33 ; elapsed = 00:00:26 . Memory (MB): peak = 2114.363 ; gain = 220.457

Phase 9 Verifying routed nets

 Verification completed successfully
Phase 9 Verifying routed nets | Checksum: 1ea78a111

Time (s): cpu = 00:00:33 ; elapsed = 00:00:26 . Memory (MB): peak = 2114.363 ; gain = 220.457

Phase 10 Depositing Routes
Phase 10 Depositing Routes | Checksum: 1dc9d9122

Time (s): cpu = 00:00:33 ; elapsed = 00:00:27 . Memory (MB): peak = 2114.363 ; gain = 220.457

Phase 11 Post Process Routing
Phase 11 Post Process Routing | Checksum: 1dc9d9122

Time (s): cpu = 00:00:33 ; elapsed = 00:00:27 . Memory (MB): peak = 2114.363 ; gain = 220.457

Phase 12 Post Router Timing

Phase 12.1 Update Timing
Phase 12.1 Update Timing | Checksum: 1dc9d9122

Time (s): cpu = 00:00:34 ; elapsed = 00:00:27 . Memory (MB): peak = 2114.363 ; gain = 220.457
INFO: [Route 35-57] Estimated Timing Summary | WNS=-3.721 | TNS=-17.596| WHS=0.019  | THS=0.000  |

WARNING: [Route 35-328] Router estimated timing not met.
Resolution: For a complete and accurate timing signoff, report_timing_summary must be run after route_design. Alternatively, route_design can be run with the -timing_summary option to enable a complete timing signoff at the end of route_design.
Phase 12 Post Router Timing | Checksum: 1dc9d9122

Time (s): cpu = 00:00:34 ; elapsed = 00:00:27 . Memory (MB): peak = 2114.363 ; gain = 220.457
Total Elapsed time in route_design: 27.209 secs

Phase 13 Post-Route Event Processing
Phase 13 Post-Route Event Processing | Checksum: c5d3b27c

Time (s): cpu = 00:00:34 ; elapsed = 00:00:27 . Memory (MB): peak = 2114.363 ; gain = 220.457
INFO: [Route 35-16] Router Completed Successfully
Ending Routing Task | Checksum: c5d3b27c

Time (s): cpu = 00:00:34 ; elapsed = 00:00:27 . Memory (MB): peak = 2114.363 ; gain = 220.457

Routing Is Done.
INFO: [Common 17-83] Releasing license: Implementation
121 Infos, 3 Warnings, 0 Critical Warnings and 0 Errors encountered.
route_design completed successfully
route_design: Time (s): cpu = 00:00:34 ; elapsed = 00:00:27 . Memory (MB): peak = 2114.363 ; gain = 220.457
INFO: [Vivado 12-24828] Executing command : report_drc -file DDR_example_top_drc_routed.rpt -pb DDR_example_top_drc_routed.pb -rpx DDR_example_top_drc_routed.rpx
Command: report_drc -file DDR_example_top_drc_routed.rpt -pb DDR_example_top_drc_routed.pb -rpx DDR_example_top_drc_routed.rpx
INFO: [IP_Flow 19-1839] IP Catalog is up to date.
INFO: [DRC 23-27] Running DRC with 2 threads
INFO: [Vivado_Tcl 2-168] The results of DRC are in file C:/Users/jwk50866/Documents/GitHub/Nexys_A7_DDR_example/DDR_example/DDR_example.runs/impl_1/DDR_example_top_drc_routed.rpt.
report_drc completed successfully
INFO: [Vivado 12-24828] Executing command : report_methodology -file DDR_example_top_methodology_drc_routed.rpt -pb DDR_example_top_methodology_drc_routed.pb -rpx DDR_example_top_methodology_drc_routed.rpx
Command: report_methodology -file DDR_example_top_methodology_drc_routed.rpt -pb DDR_example_top_methodology_drc_routed.pb -rpx DDR_example_top_methodology_drc_routed.rpx
INFO: [Timing 38-35] Done setting XDC timing constraints.
INFO: [DRC 23-133] Running Methodology with 2 threads
INFO: [Vivado_Tcl 2-1520] The results of Report Methodology are in file C:/Users/jwk50866/Documents/GitHub/Nexys_A7_DDR_example/DDR_example/DDR_example.runs/impl_1/DDR_example_top_methodology_drc_routed.rpt.
report_methodology completed successfully
report_drc: Time (s): cpu = 00:00:12 ; elapsed = 00:00:06 . Memory (MB): peak = 2146.883 ; gain = 32.520
INFO: [Vivado 12-24828] Executing command : report_timing_summary -max_paths 10 -report_unconstrained -file DDR_example_top_timing_summary_routed.rpt -pb DDR_example_top_timing_summary_routed.pb -rpx DDR_example_top_timing_summary_routed.rpx -warn_on_violation 
INFO: [Timing 38-35] Done setting XDC timing constraints.
INFO: [Timing 38-91] UpdateTimingParams: Speed grade: -1, Delay Type: min_max.
INFO: [Timing 38-191] Multithreading enabled for timing update using a maximum of 2 CPUs
CRITICAL WARNING: [Timing 38-282] The design failed to meet the timing requirements. Please see the timing summary report for details on the timing violations.
INFO: [Vivado 12-24838] Running report commands "report_incremental_reuse, report_route_status" in parallel.
Running report generation with 2 threads.
INFO: [Vivado 12-24828] Executing command : report_incremental_reuse -file DDR_example_top_incremental_reuse_routed.rpt
INFO: [Vivado_Tcl 4-1062] Incremental flow is disabled. No incremental reuse Info to report.
INFO: [Vivado 12-24828] Executing command : report_route_status -file DDR_example_top_route_status.rpt -pb DDR_example_top_route_status.pb
INFO: [Vivado 12-24828] Executing command : report_power -file DDR_example_top_power_routed.rpt -pb DDR_example_top_power_summary_routed.pb -rpx DDR_example_top_power_routed.rpx
Command: report_power -file DDR_example_top_power_routed.rpt -pb DDR_example_top_power_summary_routed.pb -rpx DDR_example_top_power_routed.rpx
Running Vector-less Activity Propagation...

Finished Running Vector-less Activity Propagation
138 Infos, 3 Warnings, 1 Critical Warnings and 0 Errors encountered.
report_power completed successfully
INFO: [Vivado 12-24828] Executing command : report_clock_utilization -file DDR_example_top_clock_utilization_routed.rpt
INFO: [Vivado 12-24828] Executing command : report_bus_skew -warn_on_violation -file DDR_example_top_bus_skew_routed.rpt -pb DDR_example_top_bus_skew_routed.pb -rpx DDR_example_top_bus_skew_routed.rpx
INFO: [Timing 38-91] UpdateTimingParams: Speed grade: -1, Delay Type: min_max.
INFO: [Timing 38-191] Multithreading enabled for timing update using a maximum of 2 CPUs
generate_parallel_reports: Time (s): cpu = 00:00:25 ; elapsed = 00:00:16 . Memory (MB): peak = 2175.172 ; gain = 60.809
INFO: [Timing 38-480] Writing timing data to binary archive.
Write ShapeDB Complete: Time (s): cpu = 00:00:01 ; elapsed = 00:00:00.015 . Memory (MB): peak = 2179.422 ; gain = 0.000
Wrote PlaceDB: Time (s): cpu = 00:00:02 ; elapsed = 00:00:00.385 . Memory (MB): peak = 2188.359 ; gain = 8.938
Wrote PulsedLatchDB: Time (s): cpu = 00:00:00 ; elapsed = 00:00:00 . Memory (MB): peak = 2188.359 ; gain = 0.000
Writing XDEF routing.
Writing XDEF routing logical nets.
Writing XDEF routing special nets.
Wrote RouteStorage: Time (s): cpu = 00:00:00 ; elapsed = 00:00:00.053 . Memory (MB): peak = 2188.359 ; gain = 0.000
Wrote Netlist Cache: Time (s): cpu = 00:00:00 ; elapsed = 00:00:00.007 . Memory (MB): peak = 2188.359 ; gain = 0.000
Wrote Device Cache: Time (s): cpu = 00:00:00 ; elapsed = 00:00:00.005 . Memory (MB): peak = 2188.359 ; gain = 0.000
Write Physdb Complete: Time (s): cpu = 00:00:02 ; elapsed = 00:00:00.476 . Memory (MB): peak = 2188.359 ; gain = 8.938
INFO: [Common 17-1381] The checkpoint 'C:/Users/jwk50866/Documents/GitHub/Nexys_A7_DDR_example/DDR_example/DDR_example.runs/impl_1/DDR_example_top_routed.dcp' has been generated.
Command: write_bitstream -force DDR_example_top.bit
Attempting to get a license for feature 'Implementation' and/or device 'xc7a100t'
INFO: [Common 17-349] Got license for feature 'Implementation' and/or device 'xc7a100t'
Running DRC as a precondition to command write_bitstream
INFO: [IP_Flow 19-1839] IP Catalog is up to date.
INFO: [DRC 23-27] Running DRC with 2 threads
INFO: [Vivado 12-3199] DRC finished with 0 Errors
INFO: [Vivado 12-3200] Please refer to the DRC report (report_drc) for more information.
INFO: [Designutils 20-2272] Running write_bitstream with 2 threads.
Loading data files...
Loading site data...
Loading route data...
Processing options...
Creating bitmap...
Creating bitstream...
Writing bitstream ./DDR_example_top.bit...
INFO: [Vivado 12-1842] Bitgen Completed Successfully.
INFO: [Project 1-1876] WebTalk data collection is mandatory when using a ULT device. To see the specific WebTalk data collected for your design, open the usage_statistics_webtalk.html or usage_statistics_webtalk.xml file in the implementation directory.
INFO: [Common 17-83] Releasing license: Implementation
153 Infos, 3 Warnings, 1 Critical Warnings and 0 Errors encountered.
write_bitstream completed successfully
write_bitstream: Time (s): cpu = 00:00:17 ; elapsed = 00:00:12 . Memory (MB): peak = 2688.926 ; gain = 500.566
INFO: [Common 17-206] Exiting Vivado at Fri May  2 14:44:25 2025...
